Archive member included to satisfy reference by file (symbol)

F:/STM32CubeIDE_1.13.1/STM32CubeIDE/plugins/com.st.stm32cube.ide.mcu.externaltools.gnu-tools-for-stm32.11.3.rel1.win32_1.1.0.202305231506/tools/bin/../lib/gcc/arm-none-eabi/11.3.1/../../../../arm-none-eabi/lib/thumb/v7e-m+fp/hard\libc_nano.a(libc_a-exit.o)
                              F:/STM32CubeIDE_1.13.1/STM32CubeIDE/plugins/com.st.stm32cube.ide.mcu.externaltools.gnu-tools-for-stm32.11.3.rel1.win32_1.1.0.202305231506/tools/bin/../lib/gcc/arm-none-eabi/11.3.1/../../../../arm-none-eabi/lib/thumb/v7e-m+fp/hard/crt0.o (exit)
F:/STM32CubeIDE_1.13.1/STM32CubeIDE/plugins/com.st.stm32cube.ide.mcu.externaltools.gnu-tools-for-stm32.11.3.rel1.win32_1.1.0.202305231506/tools/bin/../lib/gcc/arm-none-eabi/11.3.1/../../../../arm-none-eabi/lib/thumb/v7e-m+fp/hard\libc_nano.a(libc_a-findfp.o)
                              F:/STM32CubeIDE_1.13.1/STM32CubeIDE/plugins/com.st.stm32cube.ide.mcu.externaltools.gnu-tools-for-stm32.11.3.rel1.win32_1.1.0.202305231506/tools/bin/../lib/gcc/arm-none-eabi/11.3.1/../../../../arm-none-eabi/lib/thumb/v7e-m+fp/hard\libc_nano.a(libc_a-exit.o) (__stdio_exit_handler)
F:/STM32CubeIDE_1.13.1/STM32CubeIDE/plugins/com.st.stm32cube.ide.mcu.externaltools.gnu-tools-for-stm32.11.3.rel1.win32_1.1.0.202305231506/tools/bin/../lib/gcc/arm-none-eabi/11.3.1/../../../../arm-none-eabi/lib/thumb/v7e-m+fp/hard\libc_nano.a(libc_a-fwalk.o)
                              F:/STM32CubeIDE_1.13.1/STM32CubeIDE/plugins/com.st.stm32cube.ide.mcu.externaltools.gnu-tools-for-stm32.11.3.rel1.win32_1.1.0.202305231506/tools/bin/../lib/gcc/arm-none-eabi/11.3.1/../../../../arm-none-eabi/lib/thumb/v7e-m+fp/hard\libc_nano.a(libc_a-findfp.o) (_fwalk_sglue)
F:/STM32CubeIDE_1.13.1/STM32CubeIDE/plugins/com.st.stm32cube.ide.mcu.externaltools.gnu-tools-for-stm32.11.3.rel1.win32_1.1.0.202305231506/tools/bin/../lib/gcc/arm-none-eabi/11.3.1/../../../../arm-none-eabi/lib/thumb/v7e-m+fp/hard\libc_nano.a(libc_a-printf.o)
                              ./Core/Src/boot.o (printf)
F:/STM32CubeIDE_1.13.1/STM32CubeIDE/plugins/com.st.stm32cube.ide.mcu.externaltools.gnu-tools-for-stm32.11.3.rel1.win32_1.1.0.202305231506/tools/bin/../lib/gcc/arm-none-eabi/11.3.1/../../../../arm-none-eabi/lib/thumb/v7e-m+fp/hard\libc_nano.a(libc_a-puts.o)
                              ./Core/Src/boot.o (puts)
F:/STM32CubeIDE_1.13.1/STM32CubeIDE/plugins/com.st.stm32cube.ide.mcu.externaltools.gnu-tools-for-stm32.11.3.rel1.win32_1.1.0.202305231506/tools/bin/../lib/gcc/arm-none-eabi/11.3.1/../../../../arm-none-eabi/lib/thumb/v7e-m+fp/hard\libc_nano.a(libc_a-stdio.o)
                              F:/STM32CubeIDE_1.13.1/STM32CubeIDE/plugins/com.st.stm32cube.ide.mcu.externaltools.gnu-tools-for-stm32.11.3.rel1.win32_1.1.0.202305231506/tools/bin/../lib/gcc/arm-none-eabi/11.3.1/../../../../arm-none-eabi/lib/thumb/v7e-m+fp/hard\libc_nano.a(libc_a-findfp.o) (__sread)
F:/STM32CubeIDE_1.13.1/STM32CubeIDE/plugins/com.st.stm32cube.ide.mcu.externaltools.gnu-tools-for-stm32.11.3.rel1.win32_1.1.0.202305231506/tools/bin/../lib/gcc/arm-none-eabi/11.3.1/../../../../arm-none-eabi/lib/thumb/v7e-m+fp/hard\libc_nano.a(libc_a-wbuf.o)
                              F:/STM32CubeIDE_1.13.1/STM32CubeIDE/plugins/com.st.stm32cube.ide.mcu.externaltools.gnu-tools-for-stm32.11.3.rel1.win32_1.1.0.202305231506/tools/bin/../lib/gcc/arm-none-eabi/11.3.1/../../../../arm-none-eabi/lib/thumb/v7e-m+fp/hard\libc_nano.a(libc_a-puts.o) (__swbuf_r)
F:/STM32CubeIDE_1.13.1/STM32CubeIDE/plugins/com.st.stm32cube.ide.mcu.externaltools.gnu-tools-for-stm32.11.3.rel1.win32_1.1.0.202305231506/tools/bin/../lib/gcc/arm-none-eabi/11.3.1/../../../../arm-none-eabi/lib/thumb/v7e-m+fp/hard\libc_nano.a(libc_a-wsetup.o)
                              F:/STM32CubeIDE_1.13.1/STM32CubeIDE/plugins/com.st.stm32cube.ide.mcu.externaltools.gnu-tools-for-stm32.11.3.rel1.win32_1.1.0.202305231506/tools/bin/../lib/gcc/arm-none-eabi/11.3.1/../../../../arm-none-eabi/lib/thumb/v7e-m+fp/hard\libc_nano.a(libc_a-puts.o) (__swsetup_r)
F:/STM32CubeIDE_1.13.1/STM32CubeIDE/plugins/com.st.stm32cube.ide.mcu.externaltools.gnu-tools-for-stm32.11.3.rel1.win32_1.1.0.202305231506/tools/bin/../lib/gcc/arm-none-eabi/11.3.1/../../../../arm-none-eabi/lib/thumb/v7e-m+fp/hard\libc_nano.a(libc_a-memset.o)
                              F:/STM32CubeIDE_1.13.1/STM32CubeIDE/plugins/com.st.stm32cube.ide.mcu.externaltools.gnu-tools-for-stm32.11.3.rel1.win32_1.1.0.202305231506/tools/bin/../lib/gcc/arm-none-eabi/11.3.1/../../../../arm-none-eabi/lib/thumb/v7e-m+fp/hard/crt0.o (memset)
F:/STM32CubeIDE_1.13.1/STM32CubeIDE/plugins/com.st.stm32cube.ide.mcu.externaltools.gnu-tools-for-stm32.11.3.rel1.win32_1.1.0.202305231506/tools/bin/../lib/gcc/arm-none-eabi/11.3.1/../../../../arm-none-eabi/lib/thumb/v7e-m+fp/hard\libc_nano.a(libc_a-closer.o)
[...]
Memory Configuration

Name             Origin             Length             Attributes
CCMRAM           0x0000000010000000 0x0000000000010000 xrw
RAM              0x0000000020000000 0x0000000000020000 xrw
FLASH            0x0000000008000000 0x000000000000c000 xr
*default*        0x0000000000000000 0xffffffffffffffff

Linker script and memory map

LOAD F:/STM32CubeIDE_1.13.1/STM32CubeIDE/plugins/com.st.stm32cube.ide.mcu.externaltools.gnu-tools-for-stm32.11.3.rel1.win32_1.1.0.202305231506/tools/bin/../lib/gcc/arm-none-eabi/11.3.1/thumb/v7e-m+fp/hard/crti.o
LOAD F:/STM32CubeIDE_1.13.1/STM32CubeIDE/plugins/com.st.stm32cube.ide.mcu.externaltools.gnu-tools-for-stm32.11.3.rel1.win32_1.1.0.202305231506/tools/bin/../lib/gcc/arm-none-eabi/11.3.1/thumb/v7e-m+fp/hard/crtbegin.o
LOAD F:/STM32CubeIDE_1.13.1/STM32CubeIDE/plugins/com.st.stm32cube.ide.mcu.externaltools.gnu-tools-for-stm32.11.3.rel1.win32_1.1.0.202305231506/tools/bin/../lib/gcc/arm-none-eabi/11.3.1/../../../../arm-none-eabi/lib/thumb/v7e-m+fp/hard/crt0.o
LOAD ./Core/Src/boot.o
LOAD ./Core/Src/main.o
LOAD ./Core/Src/stm32f4xx_hal_msp.o
LOAD ./Core/Src/stm32f4xx_it.o
LOAD ./Core/Src/syscalls.o
LOAD ./Core/Src/sysmem.o
LOAD ./Core/Src/system_stm32f4xx.o
LOAD ./Core/Startup/startup_stm32f405rgtx.o
LOAD ./Drivers/STM32F4xx_HAL_Driver/Src/stm32f4xx_hal.o
LOAD ./Drivers/STM32F4xx_HAL_Driver/Src/stm32f4xx_hal_cortex.o
LOAD ./Drivers/STM32F4xx_HAL_Driver/Src/stm32f4xx_hal_crc.o
LOAD ./Drivers/STM32F4xx_HAL_Driver/Src/stm32f4xx_hal_dma.o
LOAD ./Drivers/STM32F4xx_HAL_Driver/Src/stm32f4xx_hal_dma_ex.o
LOAD ./Drivers/STM32F4xx_HAL_Driver/Src/stm32f4xx_hal_exti.o
LOAD ./Drivers/STM32F4xx_HAL_Driver/Src/stm32f4xx_hal_flash.o
LOAD ./Drivers/STM32F4xx_HAL_Driver/Src/stm32f4xx_hal_flash_ex.o
LOAD ./Drivers/STM32F4xx_HAL_Driver/Src/stm32f4xx_hal_flash_ramfunc.o
LOAD ./Drivers/STM32F4xx_HAL_Driver/Src/stm32f4xx_hal_gpio.o
LOAD ./Drivers/STM32F4xx_HAL_Driver/Src/stm32f4xx_hal_pcd.o
LOAD ./Drivers/STM32F4xx_HAL_Driver/Src/stm32f4xx_hal_pcd_ex.o
LOAD ./Drivers/STM32F4xx_HAL_Driver/Src/stm32f4xx_hal_pwr.o
LOAD ./Drivers/STM32F4xx_HAL_Driver/Src/stm32f4xx_hal_pwr_ex.o
LOAD ./Drivers/STM32F4xx_HAL_Driver/Src/stm32f4xx_hal_rcc.o
LOAD ./Drivers/STM32F4xx_HAL_Driver/Src/stm32f4xx_hal_rcc_ex.o
LOAD ./Drivers/STM32F4xx_HAL_Driver/Src/stm32f4xx_hal_tim.o
LOAD ./Drivers/STM32F4xx_HAL_Driver/Src/stm32f4xx_hal_tim_ex.o
LOAD ./Drivers/STM32F4xx_HAL_Driver/Src/stm32f4xx_ll_usb.o
LOAD ./Middlewares/ST/STM32_USB_Device_Library/Class/CDC/Src/usbd_cdc.o
LOAD ./Middlewares/ST/STM32_USB_Device_Library/Core/Src/usbd_core.o
LOAD ./Middlewares/ST/STM32_USB_Device_Library/Core/Src/usbd_ctlreq.o
LOAD ./Middlewares/ST/STM32_USB_Device_Library/Core/Src/usbd_ioreq.o
LOAD ./USB_DEVICE/App/usb_device.o
LOAD ./USB_DEVICE/App/usbd_cdc_if.o
LOAD ./USB_DEVICE/App/usbd_desc.o
LOAD ./USB_DEVICE/Target/usbd_conf.o
START GROUP
LOAD F:/STM32CubeIDE_1.13.1/STM32CubeIDE/plugins/com.st.stm32cube.ide.mcu.externaltools.gnu-tools-for-stm32.11.3.rel1.win32_1.1.0.202305231506/tools/bin/../lib/gcc/arm-none-eabi/11.3.1/../../../../arm-none-eabi/lib/thumb/v7e-m+fp/hard\libc_nano.a
LOAD F:/STM32CubeIDE_1.13.1/STM32CubeIDE/plugins/com.st.stm32cube.ide.mcu.externaltools.gnu-tools-for-stm32.11.3.rel1.win32_1.1.0.202305231506/tools/bin/../lib/gcc/arm-none-eabi/11.3.1/../../../../arm-none-eabi/lib/thumb/v7e-m+fp/hard\libm.a
END GROUP
START GROUP
LOAD F:/STM32CubeIDE_1.13.1/STM32CubeIDE/plugins/com.st.stm32cube.ide.mcu.externaltools.gnu-tools-for-stm32.11.3.rel1.win32_1.1.0.202305231506/tools/bin/../lib/gcc/arm-none-eabi/11.3.1/thumb/v7e-m+fp/hard\libgcc.a
LOAD F:/STM32CubeIDE_1.13.1/STM32CubeIDE/plugins/com.st.stm32cube.ide.mcu.externaltools.gnu-tools-for-stm32.11.3.rel1.win32_1.1.0.202305231506/tools/bin/../lib/gcc/arm-none-eabi/11.3.1/../../../../arm-none-eabi/lib/thumb/v7e-m+fp/hard\libc_nano.a
END GROUP
START GROUP
LOAD F:/STM32CubeIDE_1.13.1/STM32CubeIDE/plugins/com.st.stm32cube.ide.mcu.externaltools.gnu-tools-for-stm32.11.3.rel1.win32_1.1.0.202305231506/tools/bin/../lib/gcc/arm-none-eabi/11.3.1/thumb/v7e-m+fp/hard\libgcc.a
LOAD F:/STM32CubeIDE_1.13.1/STM32CubeIDE/plugins/com.st.stm32cube.ide.mcu.externaltools.gnu-tools-for-stm32.11.3.rel1.win32_1.1.0.202305231506/tools/bin/../lib/gcc/arm-none-eabi/11.3.1/../../../../arm-none-eabi/lib/thumb/v7e-m+fp/hard\libc_nano.a
LOAD F:/STM32CubeIDE_1.13.1/STM32CubeIDE/plugins/com.st.stm32cube.ide.mcu.externaltools.gnu-tools-for-stm32.11.3.rel1.win32_1.1.0.202305231506/tools/bin/../lib/gcc/arm-none-eabi/11.3.1/../../../../arm-none-eabi/lib/thumb/v7e-m+fp/hard\libnosys.a
END GROUP
START GROUP
LOAD F:/STM32CubeIDE_1.13.1/STM32CubeIDE/plugins/com.st.stm32cube.ide.mcu.externaltools.gnu-tools-for-stm32.11.3.rel1.win32_1.1.0.202305231506/tools/bin/../lib/gcc/arm-none-eabi/11.3.1/thumb/v7e-m+fp/hard\libgcc.a
LOAD F:/STM32CubeIDE_1.13.1/STM32CubeIDE/plugins/com.st.stm32cube.ide.mcu.externaltools.gnu-tools-for-stm32.11.3.rel1.win32_1.1.0.202305231506/tools/bin/../lib/gcc/arm-none-eabi/11.3.1/../../../../arm-none-eabi/lib/thumb/v7e-m+fp/hard\libc_nano.a
LOAD F:/STM32CubeIDE_1.13.1/STM32CubeIDE/plugins/com.st.stm32cube.ide.mcu.externaltools.gnu-tools-for-stm32.11.3.rel1.win32_1.1.0.202305231506/tools/bin/../lib/gcc/arm-none-eabi/11.3.1/../../../../arm-none-eabi/lib/thumb/v7e-m+fp/hard\libnosys.a
END GROUP
LOAD F:/STM32CubeIDE_1.13.1/STM32CubeIDE/plugins/com.st.stm32cube.ide.mcu.externaltools.gnu-tools-for-stm32.11.3.rel1.win32_1.1.0.202305231506/tools/bin/../lib/gcc/arm-none-eabi/11.3.1/thumb/v7e-m+fp/hard/crtend.o
LOAD F:/STM32CubeIDE_1.13.1/STM32CubeIDE/plugins/com.st.stm32cube.ide.mcu.externaltools.gnu-tools-for-stm32.11.3.rel1.win32_1.1.0.202305231506/tools/bin/../lib/gcc/arm-none-eabi/11.3.1/thumb/v7e-m+fp/hard/crtn.o
                0x0000000020020000                _estack = (ORIGIN (RAM) + LENGTH (RAM))
                0x0000000000000200                _Min_Heap_Size = 0x200
                0x0000000000000400                _Min_Stack_Size = 0x400

.isr_vector     0x0000000008000000      0x188
                0x0000000008000000                . = ALIGN (0x4)
 *(.isr_vector)
 .isr_vector    0x0000000008000000      0x188 ./Core/Startup/startup_stm32f405rgtx.o
                0x0000000008000000                g_pfnVectors
                0x0000000008000188                . = ALIGN (0x4)

.text           0x0000000008000190     0x8f10
                0x0000000008000190                . = ALIGN (0x4)
 *(.text)
 .text          0x0000000008000190       0x40 F:/STM32CubeIDE_1.13.1/STM32CubeIDE/plugins/com.st.stm32cube.ide.mcu.externaltools.gnu-tools-for-stm32.11.3.rel1.win32_1.1.0.202305231506/tools/bin/../lib/gcc/arm-none-eabi/11.3.1/thumb/v7e-m+fp/hard/crtbegin.o
 .text          0x00000000080001d0       0xa0 F:/STM32CubeIDE_1.13.1/STM32CubeIDE/plugins/com.st.stm32cube.ide.mcu.externaltools.gnu-tools-for-stm32.11.3.rel1.win32_1.1.0.202305231506/tools/bin/../lib/gcc/arm-none-eabi/11.3.1/../../../../arm-none-eabi/lib/thumb/v7e-m+fp/hard\libc_nano.a(libc_a-memchr.o)
                0x00000000080001d0                memchr
 .text          0x0000000008000270       0x30 F:/STM32CubeIDE_1.13.1/STM32CubeIDE/plugins/com.st.stm32cube.ide.mcu.externaltools.gnu-tools-for-stm32.11.3.rel1.win32_1.1.0.202305231506/tools/bin/../lib/gcc/arm-none-eabi/11.3.1/thumb/v7e-m+fp/hard\libgcc.a(_aeabi_uldivmod.o)
                0x0000000008000270                __aeabi_uldivmod
 .text          0x00000000080002a0      0x2c8 F:/STM32CubeIDE_1.13.1/STM32CubeIDE/plugins/com.st.stm32cube.ide.mcu.externaltools.gnu-tools-for-stm32.11.3.rel1.win32_1.1.0.202305231506/tools/bin/../lib/gcc/arm-none-eabi/11.3.1/thumb/v7e-m+fp/hard\libgcc.a(_udivmoddi4.o)
                0x00000000080002a0                __udivmoddi4
 .text          0x0000000008000568        0x4 F:/STM32CubeIDE_1.13.1/STM32CubeIDE/plugins/com.st.stm32cube.ide.mcu.externaltools.gnu-tools-for-stm32.11.3.rel1.win32_1.1.0.202305231506/tools/bin/../lib/gcc/arm-none-eabi/11.3.1/thumb/v7e-m+fp/hard\libgcc.a(_dvmd_tls.o)
                0x0000000008000568                __aeabi_idiv0
                0x0000000008000568                __aeabi_ldiv0
 *(.text*)
 .text.__NVIC_SystemReset
                0x000000000800056c       0x2c ./Core/Src/boot.o
 .text.bootFunction
                0x0000000008000598      0x220 ./Core/Src/boot.o
                0x0000000008000598                bootFunction
 .text.EraseFlash
                0x00000000080007b8       0x64 ./Core/Src/boot.o
                0x00000000080007b8                EraseFlash
 .text.func_write_app_info
                0x000000000800081c      0x1c0 ./Core/Src/boot.o
                0x000000000800081c                func_write_app_info
 .text._write   0x00000000080009dc       0x22 ./Core/Src/main.o
                0x00000000080009dc                _write
 *fill*         0x00000000080009fe        0x2 
 .text.main     0x0000000008000a00       0x70 ./Core/Src/main.o
                0x0000000008000a00                main
 .text.SystemClock_Config
                0x0000000008000a70       0xd8 ./Core/Src/main.o
                0x0000000008000a70                SystemClock_Config
 .text.MX_CRC_Init
                0x0000000008000b48       0x28 ./Core/Src/main.o
 .text.MX_GPIO_Init
                0x0000000008000b70       0xa4 ./Core/Src/main.o
 .text.Error_Handler
                0x0000000008000c14        0xa ./Core/Src/main.o
                0x0000000008000c14                Error_Handler
 *fill*         0x0000000008000c1e        0x2 
 .text.HAL_MspInit
                0x0000000008000c20       0x50 ./Core/Src/stm32f4xx_hal_msp.o
                0x0000000008000c20                HAL_MspInit
 .text.HAL_CRC_MspInit
                0x0000000008000c70       0x44 ./Core/Src/stm32f4xx_hal_msp.o
                0x0000000008000c70                HAL_CRC_MspInit
 .text.HAL_CRC_MspDeInit
                0x0000000008000cb4       0x34 ./Core/Src/stm32f4xx_hal_msp.o
                0x0000000008000cb4                HAL_CRC_MspDeInit
 .text.NMI_Handler
                0x0000000008000ce8        0x6 ./Core/Src/stm32f4xx_it.o
                0x0000000008000ce8                NMI_Handler
 .text.HardFault_Handler
                0x0000000008000cee        0x6 ./Core/Src/stm32f4xx_it.o
                0x0000000008000cee                HardFault_Handler
 .text.MemManage_Handler
                0x0000000008000cf4        0x6 ./Core/Src/stm32f4xx_it.o
                0x0000000008000cf4                MemManage_Handler
 .text.BusFault_Handler
                0x0000000008000cfa        0x6 ./Core/Src/stm32f4xx_it.o
                0x0000000008000cfa                BusFault_Handler
 .text.UsageFault_Handler
                0x0000000008000d00        0x6 ./Core/Src/stm32f4xx_it.o
                0x0000000008000d00                UsageFault_Handler
 .text.SVC_Handler
                0x0000000008000d06        0xe ./Core/Src/stm32f4xx_it.o
                0x0000000008000d06                SVC_Handler
 .text.DebugMon_Handler
                0x0000000008000d14        0xe ./Core/Src/stm32f4xx_it.o
                0x0000000008000d14                DebugMon_Handler
 .text.PendSV_Handler
                0x0000000008000d22        0xe ./Core/Src/stm32f4xx_it.o
                0x0000000008000d22                PendSV_Handler
 .text.SysTick_Handler
                0x0000000008000d30        0xc ./Core/Src/stm32f4xx_it.o
                0x0000000008000d30                SysTick_Handler
 .text.OTG_FS_IRQHandler
                0x0000000008000d3c       0x14 ./Core/Src/stm32f4xx_it.o
                0x0000000008000d3c                OTG_FS_IRQHandler
 .text._read    0x0000000008000d50       0x3a ./Core/Src/syscalls.o
                0x0000000008000d50                _read
 .text._close   0x0000000008000d8a       0x18 ./Core/Src/syscalls.o
                0x0000000008000d8a                _close
 .text._fstat   0x0000000008000da2       0x20 ./Core/Src/syscalls.o
                0x0000000008000da2                _fstat
 .text._isatty  0x0000000008000dc2       0x16 ./Core/Src/syscalls.o
                0x0000000008000dc2                _isatty
 .text._lseek   0x0000000008000dd8       0x1a ./Core/Src/syscalls.o
                0x0000000008000dd8                _lseek
 *fill*         0x0000000008000df2        0x2 
 .text._sbrk    0x0000000008000df4       0x6c ./Core/Src/sysmem.o
                0x0000000008000df4                _sbrk
 .text.SystemInit
                0x0000000008000e60       0x24 ./Core/Src/system_stm32f4xx.o
                0x0000000008000e60                SystemInit
 .text.Reset_Handler
                0x0000000008000e84       0x50 ./Core/Startup/startup_stm32f405rgtx.o
                0x0000000008000e84                Reset_Handler
 .text.Default_Handler
                0x0000000008000ed4        0x2 ./Core/Startup/startup_stm32f405rgtx.o
                0x0000000008000ed4                RTC_Alarm_IRQHandler
                0x0000000008000ed4                HASH_RNG_IRQHandler
                0x0000000008000ed4                EXTI2_IRQHandler
                0x0000000008000ed4                TIM8_CC_IRQHandler
                0x0000000008000ed4                TIM1_CC_IRQHandler
                0x0000000008000ed4                DMA2_Stream5_IRQHandler
                0x0000000008000ed4                DMA1_Stream5_IRQHandler
                0x0000000008000ed4                PVD_IRQHandler
                0x0000000008000ed4                SDIO_IRQHandler
                0x0000000008000ed4                TAMP_STAMP_IRQHandler
                0x0000000008000ed4                CAN2_RX1_IRQHandler
                0x0000000008000ed4                EXTI3_IRQHandler
                0x0000000008000ed4                TIM8_TRG_COM_TIM14_IRQHandler
                0x0000000008000ed4                TIM1_UP_TIM10_IRQHandler
                0x0000000008000ed4                TIM8_UP_TIM13_IRQHandler
                0x0000000008000ed4                I2C3_ER_IRQHandler
                0x0000000008000ed4                EXTI0_IRQHandler
                0x0000000008000ed4                I2C2_EV_IRQHandler
                0x0000000008000ed4                DMA1_Stream2_IRQHandler
                0x0000000008000ed4                CAN1_RX0_IRQHandler
                0x0000000008000ed4                FPU_IRQHandler
                0x0000000008000ed4                OTG_HS_WKUP_IRQHandler
                0x0000000008000ed4                CAN2_SCE_IRQHandler
                0x0000000008000ed4                DMA2_Stream2_IRQHandler
                0x0000000008000ed4                SPI1_IRQHandler
                0x0000000008000ed4                TIM6_DAC_IRQHandler
                0x0000000008000ed4                TIM1_BRK_TIM9_IRQHandler
                0x0000000008000ed4                CAN2_RX0_IRQHandler
                0x0000000008000ed4                DMA2_Stream3_IRQHandler
                0x0000000008000ed4                USART6_IRQHandler
                0x0000000008000ed4                USART3_IRQHandler
                0x0000000008000ed4                CAN1_RX1_IRQHandler
                0x0000000008000ed4                UART5_IRQHandler
                0x0000000008000ed4                DMA2_Stream0_IRQHandler
                0x0000000008000ed4                TIM4_IRQHandler
                0x0000000008000ed4                I2C1_EV_IRQHandler
                0x0000000008000ed4                DMA1_Stream6_IRQHandler
                0x0000000008000ed4                DMA1_Stream1_IRQHandler
                0x0000000008000ed4                UART4_IRQHandler
                0x0000000008000ed4                TIM3_IRQHandler
                0x0000000008000ed4                RCC_IRQHandler
                0x0000000008000ed4                TIM8_BRK_TIM12_IRQHandler
                0x0000000008000ed4                Default_Handler
                0x0000000008000ed4                EXTI15_10_IRQHandler
                0x0000000008000ed4                ADC_IRQHandler
                0x0000000008000ed4                DMA1_Stream7_IRQHandler
                0x0000000008000ed4                TIM7_IRQHandler
                0x0000000008000ed4                CAN2_TX_IRQHandler
                0x0000000008000ed4                TIM5_IRQHandler
                0x0000000008000ed4                DMA2_Stream7_IRQHandler
                0x0000000008000ed4                I2C3_EV_IRQHandler
                0x0000000008000ed4                EXTI9_5_IRQHandler
                0x0000000008000ed4                RTC_WKUP_IRQHandler
                0x0000000008000ed4                SPI2_IRQHandler
                0x0000000008000ed4                OTG_HS_EP1_IN_IRQHandler
                0x0000000008000ed4                DMA1_Stream0_IRQHandler
                0x0000000008000ed4                CAN1_TX_IRQHandler
                0x0000000008000ed4                EXTI4_IRQHandler
                0x0000000008000ed4                FSMC_IRQHandler
                0x0000000008000ed4                OTG_HS_EP1_OUT_IRQHandler
                0x0000000008000ed4                WWDG_IRQHandler
                0x0000000008000ed4                TIM2_IRQHandler
                0x0000000008000ed4                OTG_FS_WKUP_IRQHandler
                0x0000000008000ed4                TIM1_TRG_COM_TIM11_IRQHandler
                0x0000000008000ed4                OTG_HS_IRQHandler
                0x0000000008000ed4                EXTI1_IRQHandler
                0x0000000008000ed4                USART2_IRQHandler
                0x0000000008000ed4                I2C2_ER_IRQHandler
                0x0000000008000ed4                DMA2_Stream1_IRQHandler
                0x0000000008000ed4                CAN1_SCE_IRQHandler
                0x0000000008000ed4                FLASH_IRQHandler
                0x0000000008000ed4                DMA2_Stream4_IRQHandler
                0x0000000008000ed4                USART1_IRQHandler
                0x0000000008000ed4                SPI3_IRQHandler
                0x0000000008000ed4                DMA1_Stream4_IRQHandler
                0x0000000008000ed4                I2C1_ER_IRQHandler
                0x0000000008000ed4                DMA2_Stream6_IRQHandler
                0x0000000008000ed4                DMA1_Stream3_IRQHandler
 *fill*         0x0000000008000ed6        0x2 
 .text.HAL_Init
                0x0000000008000ed8       0x44 ./Drivers/STM32F4xx_HAL_Driver/Src/stm32f4xx_hal.o
                0x0000000008000ed8                HAL_Init
 .text.HAL_DeInit
                0x0000000008000f1c       0x58 ./Drivers/STM32F4xx_HAL_Driver/Src/stm32f4xx_hal.o
                0x0000000008000f1c                HAL_DeInit
 .text.HAL_MspDeInit
                0x0000000008000f74        0xe ./Drivers/STM32F4xx_HAL_Driver/Src/stm32f4xx_hal.o
                0x0000000008000f74                HAL_MspDeInit
 *fill*         0x0000000008000f82        0x2 
 .text.HAL_InitTick
                0x0000000008000f84       0x60 ./Drivers/STM32F4xx_HAL_Driver/Src/stm32f4xx_hal.o
                0x0000000008000f84                HAL_InitTick
 .text.HAL_IncTick
                0x0000000008000fe4       0x28 ./Drivers/STM32F4xx_HAL_Driver/Src/stm32f4xx_hal.o
                0x0000000008000fe4                HAL_IncTick
 .text.HAL_GetTick
                0x000000000800100c       0x18 ./Drivers/STM32F4xx_HAL_Driver/Src/stm32f4xx_hal.o
                0x000000000800100c                HAL_GetTick
 .text.HAL_Delay
                0x0000000008001024       0x48 ./Drivers/STM32F4xx_HAL_Driver/Src/stm32f4xx_hal.o
                0x0000000008001024                HAL_Delay
 .text.HAL_SuspendTick
                0x000000000800106c       0x20 ./Drivers/STM32F4xx_HAL_Driver/Src/stm32f4xx_hal.o
                0x000000000800106c                HAL_SuspendTick
 .text.__NVIC_SetPriorityGrouping
                0x000000000800108c       0x48 ./Drivers/STM32F4xx_HAL_Driver/Src/stm32f4xx_hal_cortex.o
 .text.__NVIC_GetPriorityGrouping
                0x00000000080010d4       0x1c ./Drivers/STM32F4xx_HAL_Driver/Src/stm32f4xx_hal_cortex.o
 .text.__NVIC_EnableIRQ
                0x00000000080010f0       0x3c ./Drivers/STM32F4xx_HAL_Driver/Src/stm32f4xx_hal_cortex.o
 .text.__NVIC_DisableIRQ
                0x000000000800112c       0x48 ./Drivers/STM32F4xx_HAL_Driver/Src/stm32f4xx_hal_cortex.o
 .text.__NVIC_SetPriority
                0x0000000008001174       0x54 ./Drivers/STM32F4xx_HAL_Driver/Src/stm32f4xx_hal_cortex.o
 .text.NVIC_EncodePriority
                0x00000000080011c8       0x66 ./Drivers/STM32F4xx_HAL_Driver/Src/stm32f4xx_hal_cortex.o
 *fill*         0x000000000800122e        0x2 
 .text.SysTick_Config
                0x0000000008001230       0x44 ./Drivers/STM32F4xx_HAL_Driver/Src/stm32f4xx_hal_cortex.o
 .text.HAL_NVIC_SetPriorityGrouping
                0x0000000008001274       0x16 ./Drivers/STM32F4xx_HAL_Driver/Src/stm32f4xx_hal_cortex.o
                0x0000000008001274                HAL_NVIC_SetPriorityGrouping
 .text.HAL_NVIC_SetPriority
                0x000000000800128a       0x38 ./Drivers/STM32F4xx_HAL_Driver/Src/stm32f4xx_hal_cortex.o
                0x000000000800128a                HAL_NVIC_SetPriority
 .text.HAL_NVIC_EnableIRQ
                0x00000000080012c2       0x1c ./Drivers/STM32F4xx_HAL_Driver/Src/stm32f4xx_hal_cortex.o
                0x00000000080012c2                HAL_NVIC_EnableIRQ
 .text.HAL_NVIC_DisableIRQ
                0x00000000080012de       0x1c ./Drivers/STM32F4xx_HAL_Driver/Src/stm32f4xx_hal_cortex.o
                0x00000000080012de                HAL_NVIC_DisableIRQ
 .text.HAL_SYSTICK_Config
                0x00000000080012fa       0x18 ./Drivers/STM32F4xx_HAL_Driver/Src/stm32f4xx_hal_cortex.o
                0x00000000080012fa                HAL_SYSTICK_Config
 .text.HAL_CRC_Init
                0x0000000008001312       0x38 ./Drivers/STM32F4xx_HAL_Driver/Src/stm32f4xx_hal_crc.o
                0x0000000008001312                HAL_CRC_Init
 .text.HAL_CRC_DeInit
                0x000000000800134a       0x60 ./Drivers/STM32F4xx_HAL_Driver/Src/stm32f4xx_hal_crc.o
                0x000000000800134a                HAL_CRC_DeInit
 .text.HAL_CRC_Accumulate
                0x00000000080013aa       0x56 ./Drivers/STM32F4xx_HAL_Driver/Src/stm32f4xx_hal_crc.o
                0x00000000080013aa                HAL_CRC_Accumulate
 .text.HAL_FLASH_Program
                0x0000000008001400       0xa8 ./Drivers/STM32F4xx_HAL_Driver/Src/stm32f4xx_hal_flash.o
                0x0000000008001400                HAL_FLASH_Program
 .text.HAL_FLASH_Unlock
                0x00000000080014a8       0x44 ./Drivers/STM32F4xx_HAL_Driver/Src/stm32f4xx_hal_flash.o
                0x00000000080014a8                HAL_FLASH_Unlock
 .text.HAL_FLASH_Lock
                0x00000000080014ec       0x20 ./Drivers/STM32F4xx_HAL_Driver/Src/stm32f4xx_hal_flash.o
                0x00000000080014ec                HAL_FLASH_Lock
 .text.FLASH_WaitForLastOperation
                0x000000000800150c       0x80 ./Drivers/STM32F4xx_HAL_Driver/Src/stm32f4xx_hal_flash.o
                0x000000000800150c                FLASH_WaitForLastOperation
 .text.FLASH_Program_DoubleWord
                0x000000000800158c       0x64 ./Drivers/STM32F4xx_HAL_Driver/Src/stm32f4xx_hal_flash.o
 .text.FLASH_Program_Word
                0x00000000080015f0       0x44 ./Drivers/STM32F4xx_HAL_Driver/Src/stm32f4xx_hal_flash.o
 .text.FLASH_Program_HalfWord
                0x0000000008001634       0x48 ./Drivers/STM32F4xx_HAL_Driver/Src/stm32f4xx_hal_flash.o
 .text.FLASH_Program_Byte
                0x000000000800167c       0x44 ./Drivers/STM32F4xx_HAL_Driver/Src/stm32f4xx_hal_flash.o
 .text.FLASH_SetErrorCode
                0x00000000080016c0       0xac ./Drivers/STM32F4xx_HAL_Driver/Src/stm32f4xx_hal_flash.o
 .text.HAL_FLASHEx_Erase
                0x000000000800176c       0xe0 ./Drivers/STM32F4xx_HAL_Driver/Src/stm32f4xx_hal_flash_ex.o
                0x000000000800176c                HAL_FLASHEx_Erase
 .text.FLASH_MassErase
                0x000000000800184c       0x48 ./Drivers/STM32F4xx_HAL_Driver/Src/stm32f4xx_hal_flash_ex.o
 .text.FLASH_Erase_Sector
                0x0000000008001894       0x90 ./Drivers/STM32F4xx_HAL_Driver/Src/stm32f4xx_hal_flash_ex.o
                0x0000000008001894                FLASH_Erase_Sector
 .text.FLASH_FlushCaches
                0x0000000008001924       0x8c ./Drivers/STM32F4xx_HAL_Driver/Src/stm32f4xx_hal_flash_ex.o
                0x0000000008001924                FLASH_FlushCaches
 .text.HAL_GPIO_Init
                0x00000000080019b0      0x338 ./Drivers/STM32F4xx_HAL_Driver/Src/stm32f4xx_hal_gpio.o
                0x00000000080019b0                HAL_GPIO_Init
 .text.HAL_GPIO_DeInit
                0x0000000008001ce8      0x1f8 ./Drivers/STM32F4xx_HAL_Driver/Src/stm32f4xx_hal_gpio.o
                0x0000000008001ce8                HAL_GPIO_DeInit
 .text.HAL_GPIO_WritePin
                0x0000000008001ee0       0x32 ./Drivers/STM32F4xx_HAL_Driver/Src/stm32f4xx_hal_gpio.o
                0x0000000008001ee0                HAL_GPIO_WritePin
 .text.HAL_GPIO_TogglePin
                0x0000000008001f12       0x34 ./Drivers/STM32F4xx_HAL_Driver/Src/stm32f4xx_hal_gpio.o
                0x0000000008001f12                HAL_GPIO_TogglePin
 .text.HAL_PCD_Init
                0x0000000008001f46      0x23a ./Drivers/STM32F4xx_HAL_Driver/Src/stm32f4xx_hal_pcd.o
                0x0000000008001f46                HAL_PCD_Init
 .text.HAL_PCD_DeInit
                0x0000000008002180       0x46 ./Drivers/STM32F4xx_HAL_Driver/Src/stm32f4xx_hal_pcd.o
                0x0000000008002180                HAL_PCD_DeInit
 .text.HAL_PCD_Start
                0x00000000080021c6       0x66 ./Drivers/STM32F4xx_HAL_Driver/Src/stm32f4xx_hal_pcd.o
                0x00000000080021c6                HAL_PCD_Start
 .text.HAL_PCD_Stop
                0x000000000800222c       0x72 ./Drivers/STM32F4xx_HAL_Driver/Src/stm32f4xx_hal_pcd.o
                0x000000000800222c                HAL_PCD_Stop
 .text.HAL_PCD_IRQHandler
                0x000000000800229e      0x93e ./Drivers/STM32F4xx_HAL_Driver/Src/stm32f4xx_hal_pcd.o
                0x000000000800229e                HAL_PCD_IRQHandler
 .text.HAL_PCD_SetAddress
                0x0000000008002bdc       0x4a ./Drivers/STM32F4xx_HAL_Driver/Src/stm32f4xx_hal_pcd.o
                0x0000000008002bdc                HAL_PCD_SetAddress
 .text.HAL_PCD_EP_Open
                0x0000000008002c26       0xd0 ./Drivers/STM32F4xx_HAL_Driver/Src/stm32f4xx_hal_pcd.o
                0x0000000008002c26                HAL_PCD_EP_Open
 .text.HAL_PCD_EP_Close
                0x0000000008002cf6       0x94 ./Drivers/STM32F4xx_HAL_Driver/Src/stm32f4xx_hal_pcd.o
                0x0000000008002cf6                HAL_PCD_EP_Close
 .text.HAL_PCD_EP_Receive
                0x0000000008002d8a       0x96 ./Drivers/STM32F4xx_HAL_Driver/Src/stm32f4xx_hal_pcd.o
                0x0000000008002d8a                HAL_PCD_EP_Receive
 .text.HAL_PCD_EP_GetRxCount
                0x0000000008002e20       0x30 ./Drivers/STM32F4xx_HAL_Driver/Src/stm32f4xx_hal_pcd.o
                0x0000000008002e20                HAL_PCD_EP_GetRxCount
 .text.HAL_PCD_EP_Transmit
                0x0000000008002e50       0x94 ./Drivers/STM32F4xx_HAL_Driver/Src/stm32f4xx_hal_pcd.o
                0x0000000008002e50                HAL_PCD_EP_Transmit
 .text.HAL_PCD_EP_SetStall
                0x0000000008002ee4       0xc8 ./Drivers/STM32F4xx_HAL_Driver/Src/stm32f4xx_hal_pcd.o
                0x0000000008002ee4                HAL_PCD_EP_SetStall
 .text.HAL_PCD_EP_ClrStall
                0x0000000008002fac       0xac ./Drivers/STM32F4xx_HAL_Driver/Src/stm32f4xx_hal_pcd.o
                0x0000000008002fac                HAL_PCD_EP_ClrStall
 .text.HAL_PCD_EP_Abort
                0x0000000008003058       0x62 ./Drivers/STM32F4xx_HAL_Driver/Src/stm32f4xx_hal_pcd.o
                0x0000000008003058                HAL_PCD_EP_Abort
 .text.PCD_WriteEmptyTxFifo
                0x00000000080030ba      0x11a ./Drivers/STM32F4xx_HAL_Driver/Src/stm32f4xx_hal_pcd.o
 .text.PCD_EP_OutXfrComplete_int
                0x00000000080031d4      0x1d0 ./Drivers/STM32F4xx_HAL_Driver/Src/stm32f4xx_hal_pcd.o
 .text.PCD_EP_OutSetupPacket_int
                0x00000000080033a4       0x8c ./Drivers/STM32F4xx_HAL_Driver/Src/stm32f4xx_hal_pcd.o
 .text.HAL_PCDEx_SetTxFiFo
                0x0000000008003430       0x8e ./Drivers/STM32F4xx_HAL_Driver/Src/stm32f4xx_hal_pcd_ex.o
                0x0000000008003430                HAL_PCDEx_SetTxFiFo
 .text.HAL_PCDEx_SetRxFiFo
                0x00000000080034be       0x22 ./Drivers/STM32F4xx_HAL_Driver/Src/stm32f4xx_hal_pcd_ex.o
                0x00000000080034be                HAL_PCDEx_SetRxFiFo
 .text.HAL_PCDEx_LPM_Callback
                0x00000000080034e0       0x18 ./Drivers/STM32F4xx_HAL_Driver/Src/stm32f4xx_hal_pcd_ex.o
                0x00000000080034e0                HAL_PCDEx_LPM_Callback
 .text.HAL_RCC_OscConfig
                0x00000000080034f8      0x4f0 ./Drivers/STM32F4xx_HAL_Driver/Src/stm32f4xx_hal_rcc.o
                0x00000000080034f8                HAL_RCC_OscConfig
 .text.HAL_RCC_ClockConfig
                0x00000000080039e8      0x1cc ./Drivers/STM32F4xx_HAL_Driver/Src/stm32f4xx_hal_rcc.o
                0x00000000080039e8                HAL_RCC_ClockConfig
 .text.HAL_RCC_GetSysClockFreq
                0x0000000008003bb4      0x18c ./Drivers/STM32F4xx_HAL_Driver/Src/stm32f4xx_hal_rcc.o
                0x0000000008003bb4                HAL_RCC_GetSysClockFreq
 .text.HAL_RCC_GetHCLKFreq
                0x0000000008003d40       0x18 ./Drivers/STM32F4xx_HAL_Driver/Src/stm32f4xx_hal_rcc.o
                0x0000000008003d40                HAL_RCC_GetHCLKFreq
 .text.USB_CoreInit
                0x0000000008003d58       0xc2 ./Drivers/STM32F4xx_HAL_Driver/Src/stm32f4xx_ll_usb.o
                0x0000000008003d58                USB_CoreInit
 *fill*         0x0000000008003e1a        0x2 
 .text.USB_SetTurnaroundTime
                0x0000000008003e1c      0x144 ./Drivers/STM32F4xx_HAL_Driver/Src/stm32f4xx_ll_usb.o
                0x0000000008003e1c                USB_SetTurnaroundTime
 .text.USB_EnableGlobalInt
                0x0000000008003f60       0x22 ./Drivers/STM32F4xx_HAL_Driver/Src/stm32f4xx_ll_usb.o
                0x0000000008003f60                USB_EnableGlobalInt
 .text.USB_DisableGlobalInt
                0x0000000008003f82       0x22 ./Drivers/STM32F4xx_HAL_Driver/Src/stm32f4xx_ll_usb.o
                0x0000000008003f82                USB_DisableGlobalInt
 .text.USB_SetCurrentMode
                0x0000000008003fa4       0x98 ./Drivers/STM32F4xx_HAL_Driver/Src/stm32f4xx_ll_usb.o
                0x0000000008003fa4                USB_SetCurrentMode
 .text.USB_DevInit
                0x000000000800403c      0x2c8 ./Drivers/STM32F4xx_HAL_Driver/Src/stm32f4xx_ll_usb.o
                0x000000000800403c                USB_DevInit
 .text.USB_FlushTxFifo
                0x0000000008004304       0x68 ./Drivers/STM32F4xx_HAL_Driver/Src/stm32f4xx_ll_usb.o
                0x0000000008004304                USB_FlushTxFifo
 .text.USB_FlushRxFifo
                0x000000000800436c       0x60 ./Drivers/STM32F4xx_HAL_Driver/Src/stm32f4xx_ll_usb.o
                0x000000000800436c                USB_FlushRxFifo
 .text.USB_SetDevSpeed
                0x00000000080043cc       0x32 ./Drivers/STM32F4xx_HAL_Driver/Src/stm32f4xx_ll_usb.o
                0x00000000080043cc                USB_SetDevSpeed
 .text.USB_GetDevSpeed
                0x00000000080043fe       0x4a ./Drivers/STM32F4xx_HAL_Driver/Src/stm32f4xx_ll_usb.o
                0x00000000080043fe                USB_GetDevSpeed
 .text.USB_ActivateEndpoint
                0x0000000008004448      0x10e ./Drivers/STM32F4xx_HAL_Driver/Src/stm32f4xx_ll_usb.o
                0x0000000008004448                USB_ActivateEndpoint
 *fill*         0x0000000008004556        0x2 
 .text.USB_DeactivateEndpoint
                0x0000000008004558      0x1b8 ./Drivers/STM32F4xx_HAL_Driver/Src/stm32f4xx_ll_usb.o
                0x0000000008004558                USB_DeactivateEndpoint
 .text.USB_EPStartXfer
                0x0000000008004710      0x490 ./Drivers/STM32F4xx_HAL_Driver/Src/stm32f4xx_ll_usb.o
                0x0000000008004710                USB_EPStartXfer
 .text.USB_EP0StartXfer
                0x0000000008004ba0      0x2b0 ./Drivers/STM32F4xx_HAL_Driver/Src/stm32f4xx_ll_usb.o
                0x0000000008004ba0                USB_EP0StartXfer
 .text.USB_EPStopXfer
                0x0000000008004e50      0x154 ./Drivers/STM32F4xx_HAL_Driver/Src/stm32f4xx_ll_usb.o
                0x0000000008004e50                USB_EPStopXfer
 .text.USB_WritePacket
                0x0000000008004fa4       0x7c ./Drivers/STM32F4xx_HAL_Driver/Src/stm32f4xx_ll_usb.o
                0x0000000008004fa4                USB_WritePacket
 .text.USB_ReadPacket
                0x0000000008005020       0xb0 ./Drivers/STM32F4xx_HAL_Driver/Src/stm32f4xx_ll_usb.o
                0x0000000008005020                USB_ReadPacket
 .text.USB_EPSetStall
                0x00000000080050d0       0xdc ./Drivers/STM32F4xx_HAL_Driver/Src/stm32f4xx_ll_usb.o
                0x00000000080050d0                USB_EPSetStall
 .text.USB_EPClearStall
                0x00000000080051ac       0xcc ./Drivers/STM32F4xx_HAL_Driver/Src/stm32f4xx_ll_usb.o
                0x00000000080051ac                USB_EPClearStall
 .text.USB_StopDevice
                0x0000000008005278       0x9e ./Drivers/STM32F4xx_HAL_Driver/Src/stm32f4xx_ll_usb.o
                0x0000000008005278                USB_StopDevice
 .text.USB_SetDevAddress
                0x0000000008005316       0x4c ./Drivers/STM32F4xx_HAL_Driver/Src/stm32f4xx_ll_usb.o
                0x0000000008005316                USB_SetDevAddress
 .text.USB_DevConnect
                0x0000000008005362       0x42 ./Drivers/STM32F4xx_HAL_Driver/Src/stm32f4xx_ll_usb.o
                0x0000000008005362                USB_DevConnect
 .text.USB_DevDisconnect
                0x00000000080053a4       0x42 ./Drivers/STM32F4xx_HAL_Driver/Src/stm32f4xx_ll_usb.o
                0x00000000080053a4                USB_DevDisconnect
 .text.USB_ReadInterrupts
                0x00000000080053e6       0x26 ./Drivers/STM32F4xx_HAL_Driver/Src/stm32f4xx_ll_usb.o
                0x00000000080053e6                USB_ReadInterrupts
 .text.USB_ReadDevAllOutEpInterrupt
                0x000000000800540c       0x34 ./Drivers/STM32F4xx_HAL_Driver/Src/stm32f4xx_ll_usb.o
                0x000000000800540c                USB_ReadDevAllOutEpInterrupt
 .text.USB_ReadDevAllInEpInterrupt
                0x0000000008005440       0x34 ./Drivers/STM32F4xx_HAL_Driver/Src/stm32f4xx_ll_usb.o
                0x0000000008005440                USB_ReadDevAllInEpInterrupt
 .text.USB_ReadDevOutEPInterrupt
                0x0000000008005474       0x3c ./Drivers/STM32F4xx_HAL_Driver/Src/stm32f4xx_ll_usb.o
                0x0000000008005474                USB_ReadDevOutEPInterrupt
 .text.USB_ReadDevInEPInterrupt
                0x00000000080054b0       0x5c ./Drivers/STM32F4xx_HAL_Driver/Src/stm32f4xx_ll_usb.o
                0x00000000080054b0                USB_ReadDevInEPInterrupt
 .text.USB_GetMode
                0x000000000800550c       0x1c ./Drivers/STM32F4xx_HAL_Driver/Src/stm32f4xx_ll_usb.o
                0x000000000800550c                USB_GetMode
 .text.USB_ActivateSetup
                0x0000000008005528       0x46 ./Drivers/STM32F4xx_HAL_Driver/Src/stm32f4xx_ll_usb.o
                0x0000000008005528                USB_ActivateSetup
 *fill*         0x000000000800556e        0x2 
 .text.USB_EP0_OutStart
                0x0000000008005570       0xbc ./Drivers/STM32F4xx_HAL_Driver/Src/stm32f4xx_ll_usb.o
                0x0000000008005570                USB_EP0_OutStart
 .text.USB_CoreReset
                0x000000000800562c       0x68 ./Drivers/STM32F4xx_HAL_Driver/Src/stm32f4xx_ll_usb.o
 .text.USBD_CDC_Init
                0x0000000008005694      0x1f0 ./Middlewares/ST/STM32_USB_Device_Library/Class/CDC/Src/usbd_cdc.o
 .text.USBD_CDC_DeInit
                0x0000000008005884      0x104 ./Middlewares/ST/STM32_USB_Device_Library/Class/CDC/Src/usbd_cdc.o
 .text.USBD_CDC_Setup
                0x0000000008005988      0x1b8 ./Middlewares/ST/STM32_USB_Device_Library/Class/CDC/Src/usbd_cdc.o
 .text.USBD_CDC_DataIn
                0x0000000008005b40       0xfe ./Middlewares/ST/STM32_USB_Device_Library/Class/CDC/Src/usbd_cdc.o
 .text.USBD_CDC_DataOut
                0x0000000008005c3e       0x70 ./Middlewares/ST/STM32_USB_Device_Library/Class/CDC/Src/usbd_cdc.o
 .text.USBD_CDC_EP0_RxReady
                0x0000000008005cae       0x76 ./Middlewares/ST/STM32_USB_Device_Library/Class/CDC/Src/usbd_cdc.o
 .text.USBD_CDC_GetFSCfgDesc
                0x0000000008005d24       0x70 ./Middlewares/ST/STM32_USB_Device_Library/Class/CDC/Src/usbd_cdc.o
 .text.USBD_CDC_GetHSCfgDesc
                0x0000000008005d94       0x70 ./Middlewares/ST/STM32_USB_Device_Library/Class/CDC/Src/usbd_cdc.o
 .text.USBD_CDC_GetOtherSpeedCfgDesc
                0x0000000008005e04       0x70 ./Middlewares/ST/STM32_USB_Device_Library/Class/CDC/Src/usbd_cdc.o
 .text.USBD_CDC_GetDeviceQualifierDescriptor
                0x0000000008005e74       0x20 ./Middlewares/ST/STM32_USB_Device_Library/Class/CDC/Src/usbd_cdc.o
                0x0000000008005e74                USBD_CDC_GetDeviceQualifierDescriptor
 .text.USBD_CDC_RegisterInterface
                0x0000000008005e94       0x34 ./Middlewares/ST/STM32_USB_Device_Library/Class/CDC/Src/usbd_cdc.o
                0x0000000008005e94                USBD_CDC_RegisterInterface
 .text.USBD_CDC_SetTxBuffer
                0x0000000008005ec8       0x44 ./Middlewares/ST/STM32_USB_Device_Library/Class/CDC/Src/usbd_cdc.o
                0x0000000008005ec8                USBD_CDC_SetTxBuffer
 .text.USBD_CDC_SetRxBuffer
                0x0000000008005f0c       0x3a ./Middlewares/ST/STM32_USB_Device_Library/Class/CDC/Src/usbd_cdc.o
                0x0000000008005f0c                USBD_CDC_SetRxBuffer
 *fill*         0x0000000008005f46        0x2 
 .text.USBD_CDC_TransmitPacket
                0x0000000008005f48       0x8c ./Middlewares/ST/STM32_USB_Device_Library/Class/CDC/Src/usbd_cdc.o
                0x0000000008005f48                USBD_CDC_TransmitPacket
 .text.USBD_CDC_ReceivePacket
                0x0000000008005fd4       0x6c ./Middlewares/ST/STM32_USB_Device_Library/Class/CDC/Src/usbd_cdc.o
                0x0000000008005fd4                USBD_CDC_ReceivePacket
 .text.USBD_Init
                0x0000000008006040       0x60 ./Middlewares/ST/STM32_USB_Device_Library/Core/Src/usbd_core.o
                0x0000000008006040                USBD_Init
 .text.USBD_DeInit
                0x00000000080060a0       0x60 ./Middlewares/ST/STM32_USB_Device_Library/Core/Src/usbd_core.o
                0x00000000080060a0                USBD_DeInit
 .text.USBD_RegisterClass
                0x0000000008006100       0x6c ./Middlewares/ST/STM32_USB_Device_Library/Core/Src/usbd_core.o
                0x0000000008006100                USBD_RegisterClass
 .text.USBD_Start
                0x000000000800616c       0x18 ./Middlewares/ST/STM32_USB_Device_Library/Core/Src/usbd_core.o
                0x000000000800616c                USBD_Start
 .text.USBD_RunTestMode
                0x0000000008006184       0x16 ./Middlewares/ST/STM32_USB_Device_Library/Core/Src/usbd_core.o
                0x0000000008006184                USBD_RunTestMode
 .text.USBD_SetClassConfig
                0x000000000800619a       0x38 ./Middlewares/ST/STM32_USB_Device_Library/Core/Src/usbd_core.o
                0x000000000800619a                USBD_SetClassConfig
 .text.USBD_ClrClassConfig
                0x00000000080061d2       0x34 ./Middlewares/ST/STM32_USB_Device_Library/Core/Src/usbd_core.o
                0x00000000080061d2                USBD_ClrClassConfig
 .text.USBD_LL_SetupStage
                0x0000000008006206       0xaa ./Middlewares/ST/STM32_USB_Device_Library/Core/Src/usbd_core.o
                0x0000000008006206                USBD_LL_SetupStage
 .text.USBD_LL_DataOutStage
                0x00000000080062b0      0x166 ./Middlewares/ST/STM32_USB_Device_Library/Core/Src/usbd_core.o
                0x00000000080062b0                USBD_LL_DataOutStage
 .text.USBD_LL_DataInStage
                0x0000000008006416      0x164 ./Middlewares/ST/STM32_USB_Device_Library/Core/Src/usbd_core.o
                0x0000000008006416                USBD_LL_DataInStage
 .text.USBD_LL_Reset
                0x000000000800657a       0xa4 ./Middlewares/ST/STM32_USB_Device_Library/Core/Src/usbd_core.o
                0x000000000800657a                USBD_LL_Reset
 .text.USBD_LL_SetSpeed
                0x000000000800661e       0x20 ./Middlewares/ST/STM32_USB_Device_Library/Core/Src/usbd_core.o
                0x000000000800661e                USBD_LL_SetSpeed
 .text.USBD_LL_Suspend
                0x000000000800663e       0x2c ./Middlewares/ST/STM32_USB_Device_Library/Core/Src/usbd_core.o
                0x000000000800663e                USBD_LL_Suspend
 .text.USBD_LL_Resume
                0x000000000800666a       0x30 ./Middlewares/ST/STM32_USB_Device_Library/Core/Src/usbd_core.o
                0x000000000800666a                USBD_LL_Resume
 .text.USBD_LL_SOF
                0x000000000800669a       0x40 ./Middlewares/ST/STM32_USB_Device_Library/Core/Src/usbd_core.o
                0x000000000800669a                USBD_LL_SOF
 .text.USBD_LL_IsoINIncomplete
                0x00000000080066da       0x64 ./Middlewares/ST/STM32_USB_Device_Library/Core/Src/usbd_core.o
                0x00000000080066da                USBD_LL_IsoINIncomplete
 .text.USBD_LL_IsoOUTIncomplete
                0x000000000800673e       0x64 ./Middlewares/ST/STM32_USB_Device_Library/Core/Src/usbd_core.o
                0x000000000800673e                USBD_LL_IsoOUTIncomplete
 .text.USBD_LL_DevConnected
                0x00000000080067a2       0x16 ./Middlewares/ST/STM32_USB_Device_Library/Core/Src/usbd_core.o
                0x00000000080067a2                USBD_LL_DevConnected
 .text.USBD_LL_DevDisconnected
                0x00000000080067b8       0x46 ./Middlewares/ST/STM32_USB_Device_Library/Core/Src/usbd_core.o
                0x00000000080067b8                USBD_LL_DevDisconnected
 .text.USBD_CoreFindIF
                0x00000000080067fe       0x1a ./Middlewares/ST/STM32_USB_Device_Library/Core/Src/usbd_core.o
                0x00000000080067fe                USBD_CoreFindIF
 .text.USBD_CoreFindEP
                0x0000000008006818       0x1a ./Middlewares/ST/STM32_USB_Device_Library/Core/Src/usbd_core.o
                0x0000000008006818                USBD_CoreFindEP
 .text.USBD_GetEpDesc
                0x0000000008006832       0x74 ./Middlewares/ST/STM32_USB_Device_Library/Core/Src/usbd_core.o
                0x0000000008006832                USBD_GetEpDesc
 .text.USBD_GetNextDesc
                0x00000000080068a6       0x3a ./Middlewares/ST/STM32_USB_Device_Library/Core/Src/usbd_core.o
                0x00000000080068a6                USBD_GetNextDesc
 .text.SWAPBYTE
                0x00000000080068e0       0x3c ./Middlewares/ST/STM32_USB_Device_Library/Core/Src/usbd_ctlreq.o
 .text.USBD_StdDevReq
                0x000000000800691c       0xe4 ./Middlewares/ST/STM32_USB_Device_Library/Core/Src/usbd_ctlreq.o
                0x000000000800691c                USBD_StdDevReq
 .text.USBD_StdItfReq
                0x0000000008006a00       0xd8 ./Middlewares/ST/STM32_USB_Device_Library/Core/Src/usbd_ctlreq.o
                0x0000000008006a00                USBD_StdItfReq
 .text.USBD_StdEPReq
                0x0000000008006ad8      0x33a ./Middlewares/ST/STM32_USB_Device_Library/Core/Src/usbd_ctlreq.o
                0x0000000008006ad8                USBD_StdEPReq
 *fill*         0x0000000008006e12        0x2 
 .text.USBD_GetDescriptor
                0x0000000008006e14      0x2d4 ./Middlewares/ST/STM32_USB_Device_Library/Core/Src/usbd_ctlreq.o
 .text.USBD_SetAddress
                0x00000000080070e8       0x88 ./Middlewares/ST/STM32_USB_Device_Library/Core/Src/usbd_ctlreq.o
 .text.USBD_SetConfig
                0x0000000008007170      0x154 ./Middlewares/ST/STM32_USB_Device_Library/Core/Src/usbd_ctlreq.o
 .text.USBD_GetConfig
                0x00000000080072c4       0x6c ./Middlewares/ST/STM32_USB_Device_Library/Core/Src/usbd_ctlreq.o
 .text.USBD_GetStatus
                0x0000000008007330       0x68 ./Middlewares/ST/STM32_USB_Device_Library/Core/Src/usbd_ctlreq.o
 .text.USBD_SetFeature
                0x0000000008007398       0x52 ./Middlewares/ST/STM32_USB_Device_Library/Core/Src/usbd_ctlreq.o
 .text.USBD_ClrFeature
                0x00000000080073ea       0x44 ./Middlewares/ST/STM32_USB_Device_Library/Core/Src/usbd_ctlreq.o
 .text.USBD_ParseSetupRequest
                0x000000000800742e       0x74 ./Middlewares/ST/STM32_USB_Device_Library/Core/Src/usbd_ctlreq.o
                0x000000000800742e                USBD_ParseSetupRequest
 .text.USBD_CtlError
                0x00000000080074a2       0x22 ./Middlewares/ST/STM32_USB_Device_Library/Core/Src/usbd_ctlreq.o
                0x00000000080074a2                USBD_CtlError
 .text.USBD_GetString
                0x00000000080074c4       0x8c ./Middlewares/ST/STM32_USB_Device_Library/Core/Src/usbd_ctlreq.o
                0x00000000080074c4                USBD_GetString
 .text.USBD_GetLen
                0x0000000008007550       0x34 ./Middlewares/ST/STM32_USB_Device_Library/Core/Src/usbd_ctlreq.o
 .text.USBD_CtlSendData
                0x0000000008007584       0x36 ./Middlewares/ST/STM32_USB_Device_Library/Core/Src/usbd_ioreq.o
                0x0000000008007584                USBD_CtlSendData
 .text.USBD_CtlContinueSendData
                0x00000000080075ba       0x22 ./Middlewares/ST/STM32_USB_Device_Library/Core/Src/usbd_ioreq.o
                0x00000000080075ba                USBD_CtlContinueSendData
 .text.USBD_CtlPrepareRx
                0x00000000080075dc       0x3a ./Middlewares/ST/STM32_USB_Device_Library/Core/Src/usbd_ioreq.o
                0x00000000080075dc                USBD_CtlPrepareRx
 .text.USBD_CtlContinueRx
                0x0000000008007616       0x22 ./Middlewares/ST/STM32_USB_Device_Library/Core/Src/usbd_ioreq.o
                0x0000000008007616                USBD_CtlContinueRx
 .text.USBD_CtlSendStatus
                0x0000000008007638       0x26 ./Middlewares/ST/STM32_USB_Device_Library/Core/Src/usbd_ioreq.o
                0x0000000008007638                USBD_CtlSendStatus
 .text.USBD_CtlReceiveStatus
                0x000000000800765e       0x26 ./Middlewares/ST/STM32_USB_Device_Library/Core/Src/usbd_ioreq.o
                0x000000000800765e                USBD_CtlReceiveStatus
 .text.MX_USB_DEVICE_Init
                0x0000000008007684       0x60 ./USB_DEVICE/App/usb_device.o
                0x0000000008007684                MX_USB_DEVICE_Init
 .text.CDC_Init_FS
                0x00000000080076e4       0x28 ./USB_DEVICE/App/usbd_cdc_if.o
 .text.CDC_DeInit_FS
                0x000000000800770c       0x10 ./USB_DEVICE/App/usbd_cdc_if.o
 .text.CDC_Control_FS
                0x000000000800771c       0xe4 ./USB_DEVICE/App/usbd_cdc_if.o
 .text.CDC_Receive_FS
                0x0000000008007800       0x28 ./USB_DEVICE/App/usbd_cdc_if.o
 .text.CDC_Transmit_FS
                0x0000000008007828       0x4c ./USB_DEVICE/App/usbd_cdc_if.o
                0x0000000008007828                CDC_Transmit_FS
 .text.CDC_TransmitCplt_FS
                0x0000000008007874       0x22 ./USB_DEVICE/App/usbd_cdc_if.o
 *fill*         0x0000000008007896        0x2 
 .text.USBD_FS_DeviceDescriptor
                0x0000000008007898       0x24 ./USB_DEVICE/App/usbd_desc.o
                0x0000000008007898                USBD_FS_DeviceDescriptor
 .text.USBD_FS_LangIDStrDescriptor
                0x00000000080078bc       0x24 ./USB_DEVICE/App/usbd_desc.o
                0x00000000080078bc                USBD_FS_LangIDStrDescriptor
 .text.USBD_FS_ProductStrDescriptor
                0x00000000080078e0       0x3c ./USB_DEVICE/App/usbd_desc.o
                0x00000000080078e0                USBD_FS_ProductStrDescriptor
 .text.USBD_FS_ManufacturerStrDescriptor
                0x000000000800791c       0x28 ./USB_DEVICE/App/usbd_desc.o
                0x000000000800791c                USBD_FS_ManufacturerStrDescriptor
 .text.USBD_FS_SerialStrDescriptor
                0x0000000008007944       0x24 ./USB_DEVICE/App/usbd_desc.o
                0x0000000008007944                USBD_FS_SerialStrDescriptor
 .text.USBD_FS_ConfigStrDescriptor
                0x0000000008007968       0x3c ./USB_DEVICE/App/usbd_desc.o
                0x0000000008007968                USBD_FS_ConfigStrDescriptor
 .text.USBD_FS_InterfaceStrDescriptor
                0x00000000080079a4       0x3c ./USB_DEVICE/App/usbd_desc.o
                0x00000000080079a4                USBD_FS_InterfaceStrDescriptor
 .text.Get_SerialNum
                0x00000000080079e0       0x58 ./USB_DEVICE/App/usbd_desc.o
 .text.IntToUnicode
                0x0000000008007a38       0x7e ./USB_DEVICE/App/usbd_desc.o
 *fill*         0x0000000008007ab6        0x2 
 .text.HAL_PCD_MspInit
                0x0000000008007ab8       0xa8 ./USB_DEVICE/Target/usbd_conf.o
                0x0000000008007ab8                HAL_PCD_MspInit
 .text.HAL_PCD_MspDeInit
                0x0000000008007b60       0x40 ./USB_DEVICE/Target/usbd_conf.o
                0x0000000008007b60                HAL_PCD_MspDeInit
 .text.HAL_PCD_SetupStageCallback
                0x0000000008007ba0       0x24 ./USB_DEVICE/Target/usbd_conf.o
                0x0000000008007ba0                HAL_PCD_SetupStageCallback
 .text.HAL_PCD_DataOutStageCallback
                0x0000000008007bc4       0x36 ./USB_DEVICE/Target/usbd_conf.o
                0x0000000008007bc4                HAL_PCD_DataOutStageCallback
 .text.HAL_PCD_DataInStageCallback
                0x0000000008007bfa       0x34 ./USB_DEVICE/Target/usbd_conf.o
                0x0000000008007bfa                HAL_PCD_DataInStageCallback
 .text.HAL_PCD_SOFCallback
                0x0000000008007c2e       0x1c ./USB_DEVICE/Target/usbd_conf.o
                0x0000000008007c2e                HAL_PCD_SOFCallback
 .text.HAL_PCD_ResetCallback
                0x0000000008007c4a       0x50 ./USB_DEVICE/Target/usbd_conf.o
                0x0000000008007c4a                HAL_PCD_ResetCallback
 *fill*         0x0000000008007c9a        0x2 
 .text.HAL_PCD_SuspendCallback
                0x0000000008007c9c       0x4c ./USB_DEVICE/Target/usbd_conf.o
                0x0000000008007c9c                HAL_PCD_SuspendCallback
 .text.HAL_PCD_ResumeCallback
                0x0000000008007ce8       0x1c ./USB_DEVICE/Target/usbd_conf.o
                0x0000000008007ce8                HAL_PCD_ResumeCallback
 .text.HAL_PCD_ISOOUTIncompleteCallback
                0x0000000008007d04       0x24 ./USB_DEVICE/Target/usbd_conf.o
                0x0000000008007d04                HAL_PCD_ISOOUTIncompleteCallback
 .text.HAL_PCD_ISOINIncompleteCallback
                0x0000000008007d28       0x24 ./USB_DEVICE/Target/usbd_conf.o
                0x0000000008007d28                HAL_PCD_ISOINIncompleteCallback
 .text.HAL_PCD_ConnectCallback
                0x0000000008007d4c       0x1c ./USB_DEVICE/Target/usbd_conf.o
                0x0000000008007d4c                HAL_PCD_ConnectCallback
 .text.HAL_PCD_DisconnectCallback
                0x0000000008007d68       0x1c ./USB_DEVICE/Target/usbd_conf.o
                0x0000000008007d68                HAL_PCD_DisconnectCallback
 .text.USBD_LL_Init
                0x0000000008007d84       0x98 ./USB_DEVICE/Target/usbd_conf.o
                0x0000000008007d84                USBD_LL_Init
 .text.USBD_LL_DeInit
                0x0000000008007e1c       0x36 ./USB_DEVICE/Target/usbd_conf.o
                0x0000000008007e1c                USBD_LL_DeInit
 .text.USBD_LL_Start
                0x0000000008007e52       0x36 ./USB_DEVICE/Target/usbd_conf.o
                0x0000000008007e52                USBD_LL_Start
 .text.USBD_LL_Stop
                0x0000000008007e88       0x36 ./USB_DEVICE/Target/usbd_conf.o
                0x0000000008007e88                USBD_LL_Stop
 .text.USBD_LL_OpenEP
                0x0000000008007ebe       0x4c ./USB_DEVICE/Target/usbd_conf.o
                0x0000000008007ebe                USBD_LL_OpenEP
 .text.USBD_LL_CloseEP
                0x0000000008007f0a       0x3e ./USB_DEVICE/Target/usbd_conf.o
                0x0000000008007f0a                USBD_LL_CloseEP
 .text.USBD_LL_StallEP
                0x0000000008007f48       0x3e ./USB_DEVICE/Target/usbd_conf.o
                0x0000000008007f48                USBD_LL_StallEP
 .text.USBD_LL_ClearStallEP
                0x0000000008007f86       0x3e ./USB_DEVICE/Target/usbd_conf.o
                0x0000000008007f86                USBD_LL_ClearStallEP
 .text.USBD_LL_IsStallEP
                0x0000000008007fc4       0x58 ./USB_DEVICE/Target/usbd_conf.o
                0x0000000008007fc4                USBD_LL_IsStallEP
 .text.USBD_LL_SetUSBAddress
                0x000000000800801c       0x3e ./USB_DEVICE/Target/usbd_conf.o
                0x000000000800801c                USBD_LL_SetUSBAddress
 .text.USBD_LL_Transmit
                0x000000000800805a       0x42 ./USB_DEVICE/Target/usbd_conf.o
                0x000000000800805a                USBD_LL_Transmit
 .text.USBD_LL_PrepareReceive
                0x000000000800809c       0x42 ./USB_DEVICE/Target/usbd_conf.o
                0x000000000800809c                USBD_LL_PrepareReceive
 .text.USBD_LL_GetRxDataSize
                0x00000000080080de       0x26 ./USB_DEVICE/Target/usbd_conf.o
                0x00000000080080de                USBD_LL_GetRxDataSize
 .text.USBD_static_malloc
                0x0000000008008104       0x1c ./USB_DEVICE/Target/usbd_conf.o
                0x0000000008008104                USBD_static_malloc
 .text.USBD_static_free
                0x0000000008008120       0x14 ./USB_DEVICE/Target/usbd_conf.o
                0x0000000008008120                USBD_static_free
 .text.USBD_Get_USB_Status
                0x0000000008008134       0x58 ./USB_DEVICE/Target/usbd_conf.o
                0x0000000008008134                USBD_Get_USB_Status
 .text.std      0x000000000800818c       0x48 F:/STM32CubeIDE_1.13.1/STM32CubeIDE/plugins/com.st.stm32cube.ide.mcu.externaltools.gnu-tools-for-stm32.11.3.rel1.win32_1.1.0.202305231506/tools/bin/../lib/gcc/arm-none-eabi/11.3.1/../../../../arm-none-eabi/lib/thumb/v7e-m+fp/hard\libc_nano.a(libc_a-findfp.o)
 .text.stdio_exit_handler
                0x00000000080081d4       0x18 F:/STM32CubeIDE_1.13.1/STM32CubeIDE/plugins/com.st.stm32cube.ide.mcu.externaltools.gnu-tools-for-stm32.11.3.rel1.win32_1.1.0.202305231506/tools/bin/../lib/gcc/arm-none-eabi/11.3.1/../../../../arm-none-eabi/lib/thumb/v7e-m+fp/hard\libc_nano.a(libc_a-findfp.o)
 .text.cleanup_stdio
                0x00000000080081ec       0x40 F:/STM32CubeIDE_1.13.1/STM32CubeIDE/plugins/com.st.stm32cube.ide.mcu.externaltools.gnu-tools-for-stm32.11.3.rel1.win32_1.1.0.202305231506/tools/bin/../lib/gcc/arm-none-eabi/11.3.1/../../../../arm-none-eabi/lib/thumb/v7e-m+fp/hard\libc_nano.a(libc_a-findfp.o)
 .text.global_stdio_init.part.0
                0x000000000800822c       0x3c F:/STM32CubeIDE_1.13.1/STM32CubeIDE/plugins/com.st.stm32cube.ide.mcu.externaltools.gnu-tools-for-stm32.11.3.rel1.win32_1.1.0.202305231506/tools/bin/../lib/gcc/arm-none-eabi/11.3.1/../../../../arm-none-eabi/lib/thumb/v7e-m+fp/hard\libc_nano.a(libc_a-findfp.o)
 .text.__sfp_lock_acquire
                0x0000000008008268        0xc F:/STM32CubeIDE_1.13.1/STM32CubeIDE/plugins/com.st.stm32cube.ide.mcu.externaltools.gnu-tools-for-stm32.11.3.rel1.win32_1.1.0.202305231506/tools/bin/../lib/gcc/arm-none-eabi/11.3.1/../../../../arm-none-eabi/lib/thumb/v7e-m+fp/hard\libc_nano.a(libc_a-findfp.o)
                0x0000000008008268                __sfp_lock_acquire
 .text.__sfp_lock_release
                0x0000000008008274        0xc F:/STM32CubeIDE_1.13.1/STM32CubeIDE/plugins/com.st.stm32cube.ide.mcu.externaltools.gnu-tools-for-stm32.11.3.rel1.win32_1.1.0.202305231506/tools/bin/../lib/gcc/arm-none-eabi/11.3.1/../../../../arm-none-eabi/lib/thumb/v7e-m+fp/hard\libc_nano.a(libc_a-findfp.o)
                0x0000000008008274                __sfp_lock_release
 .text.__sinit  0x0000000008008280       0x30 F:/STM32CubeIDE_1.13.1/STM32CubeIDE/plugins/com.st.stm32cube.ide.mcu.externaltools.gnu-tools-for-stm32.11.3.rel1.win32_1.1.0.202305231506/tools/bin/../lib/gcc/arm-none-eabi/11.3.1/../../../../arm-none-eabi/lib/thumb/v7e-m+fp/hard\libc_nano.a(libc_a-findfp.o)
                0x0000000008008280                __sinit
 .text._fwalk_sglue
                0x00000000080082b0       0x3c F:/STM32CubeIDE_1.13.1/STM32CubeIDE/plugins/com.st.stm32cube.ide.mcu.externaltools.gnu-tools-for-stm32.11.3.rel1.win32_1.1.0.202305231506/tools/bin/../lib/gcc/arm-none-eabi/11.3.1/../../../../arm-none-eabi/lib/thumb/v7e-m+fp/hard\libc_nano.a(libc_a-fwalk.o)
                0x00000000080082b0                _fwalk_sglue
 .text.printf   0x00000000080082ec       0x24 F:/STM32CubeIDE_1.13.1/STM32CubeIDE/plugins/com.st.stm32cube.ide.mcu.externaltools.gnu-tools-for-stm32.11.3.rel1.win32_1.1.0.202305231506/tools/bin/../lib/gcc/arm-none-eabi/11.3.1/../../../../arm-none-eabi/lib/thumb/v7e-m+fp/hard\libc_nano.a(libc_a-printf.o)
                0x00000000080082ec                iprintf
                0x00000000080082ec                printf
 .text._puts_r  0x0000000008008310       0xa8 F:/STM32CubeIDE_1.13.1/STM32CubeIDE/plugins/com.st.stm32cube.ide.mcu.externaltools.gnu-tools-for-stm32.11.3.rel1.win32_1.1.0.202305231506/tools/bin/../lib/gcc/arm-none-eabi/11.3.1/../../../../arm-none-eabi/lib/thumb/v7e-m+fp/hard\libc_nano.a(libc_a-puts.o)
                0x0000000008008310                _puts_r
 .text.puts     0x00000000080083b8       0x10 F:/STM32CubeIDE_1.13.1/STM32CubeIDE/plugins/com.st.stm32cube.ide.mcu.externaltools.gnu-tools-for-stm32.11.3.rel1.win32_1.1.0.202305231506/tools/bin/../lib/gcc/arm-none-eabi/11.3.1/../../../../arm-none-eabi/lib/thumb/v7e-m+fp/hard\libc_nano.a(libc_a-puts.o)
                0x00000000080083b8                puts
 .text.__sread  0x00000000080083c8       0x22 F:/STM32CubeIDE_1.13.1/STM32CubeIDE/plugins/com.st.stm32cube.ide.mcu.externaltools.gnu-tools-for-stm32.11.3.rel1.win32_1.1.0.202305231506/tools/bin/../lib/gcc/arm-none-eabi/11.3.1/../../../../arm-none-eabi/lib/thumb/v7e-m+fp/hard\libc_nano.a(libc_a-stdio.o)
                0x00000000080083c8                __sread
 .text.__swrite
                0x00000000080083ea       0x38 F:/STM32CubeIDE_1.13.1/STM32CubeIDE/plugins/com.st.stm32cube.ide.mcu.externaltools.gnu-tools-for-stm32.11.3.rel1.win32_1.1.0.202305231506/tools/bin/../lib/gcc/arm-none-eabi/11.3.1/../../../../arm-none-eabi/lib/thumb/v7e-m+fp/hard\libc_nano.a(libc_a-stdio.o)
                0x00000000080083ea                __swrite
 .text.__sseek  0x0000000008008422       0x24 F:/STM32CubeIDE_1.13.1/STM32CubeIDE/plugins/com.st.stm32cube.ide.mcu.externaltools.gnu-tools-for-stm32.11.3.rel1.win32_1.1.0.202305231506/tools/bin/../lib/gcc/arm-none-eabi/11.3.1/../../../../arm-none-eabi/lib/thumb/v7e-m+fp/hard\libc_nano.a(libc_a-stdio.o)
                0x0000000008008422                __sseek
 .text.__sclose
                0x0000000008008446        0x8 F:/STM32CubeIDE_1.13.1/STM32CubeIDE/plugins/com.st.stm32cube.ide.mcu.externaltools.gnu-tools-for-stm32.11.3.rel1.win32_1.1.0.202305231506/tools/bin/../lib/gcc/arm-none-eabi/11.3.1/../../../../arm-none-eabi/lib/thumb/v7e-m+fp/hard\libc_nano.a(libc_a-stdio.o)
                0x0000000008008446                __sclose
 .text.__swbuf_r
                0x000000000800844e       0x7a F:/STM32CubeIDE_1.13.1/STM32CubeIDE/plugins/com.st.stm32cube.ide.mcu.externaltools.gnu-tools-for-stm32.11.3.rel1.win32_1.1.0.202305231506/tools/bin/../lib/gcc/arm-none-eabi/11.3.1/../../../../arm-none-eabi/lib/thumb/v7e-m+fp/hard\libc_nano.a(libc_a-wbuf.o)
                0x000000000800844e                __swbuf_r
 .text.__swsetup_r
                0x00000000080084c8       0xb0 F:/STM32CubeIDE_1.13.1/STM32CubeIDE/plugins/com.st.stm32cube.ide.mcu.externaltools.gnu-tools-for-stm32.11.3.rel1.win32_1.1.0.202305231506/tools/bin/../lib/gcc/arm-none-eabi/11.3.1/../../../../arm-none-eabi/lib/thumb/v7e-m+fp/hard\libc_nano.a(libc_a-wsetup.o)
                0x00000000080084c8                __swsetup_r
 .text.memset   0x0000000008008578       0x10 F:/STM32CubeIDE_1.13.1/STM32CubeIDE/plugins/com.st.stm32cube.ide.mcu.externaltools.gnu-tools-for-stm32.11.3.rel1.win32_1.1.0.202305231506/tools/bin/../lib/gcc/arm-none-eabi/11.3.1/../../../../arm-none-eabi/lib/thumb/v7e-m+fp/hard\libc_nano.a(libc_a-memset.o)
                0x0000000008008578                memset
 .text._close_r
                0x0000000008008588       0x20 F:/STM32CubeIDE_1.13.1/STM32CubeIDE/plugins/com.st.stm32cube.ide.mcu.externaltools.gnu-tools-for-stm32.11.3.rel1.win32_1.1.0.202305231506/tools/bin/../lib/gcc/arm-none-eabi/11.3.1/../../../../arm-none-eabi/lib/thumb/v7e-m+fp/hard\libc_nano.a(libc_a-closer.o)
                0x0000000008008588                _close_r
 .text._lseek_r
                0x00000000080085a8       0x24 F:/STM32CubeIDE_1.13.1/STM32CubeIDE/plugins/com.st.stm32cube.ide.mcu.externaltools.gnu-tools-for-stm32.11.3.rel1.win32_1.1.0.202305231506/tools/bin/../lib/gcc/arm-none-eabi/11.3.1/../../../../arm-none-eabi/lib/thumb/v7e-m+fp/hard\libc_nano.a(libc_a-lseekr.o)
                0x00000000080085a8                _lseek_r
 .text._read_r  0x00000000080085cc       0x24 F:/STM32CubeIDE_1.13.1/STM32CubeIDE/plugins/com.st.stm32cube.ide.mcu.externaltools.gnu-tools-for-stm32.11.3.rel1.win32_1.1.0.202305231506/tools/bin/../lib/gcc/arm-none-eabi/11.3.1/../../../../arm-none-eabi/lib/thumb/v7e-m+fp/hard\libc_nano.a(libc_a-readr.o)
                0x00000000080085cc                _read_r
 .text._write_r
                0x00000000080085f0       0x24 F:/STM32CubeIDE_1.13.1/STM32CubeIDE/plugins/com.st.stm32cube.ide.mcu.externaltools.gnu-tools-for-stm32.11.3.rel1.win32_1.1.0.202305231506/tools/bin/../lib/gcc/arm-none-eabi/11.3.1/../../../../arm-none-eabi/lib/thumb/v7e-m+fp/hard\libc_nano.a(libc_a-writer.o)
                0x00000000080085f0                _write_r
 .text.__errno  0x0000000008008614        0xc F:/STM32CubeIDE_1.13.1/STM32CubeIDE/plugins/com.st.stm32cube.ide.mcu.externaltools.gnu-tools-for-stm32.11.3.rel1.win32_1.1.0.202305231506/tools/bin/../lib/gcc/arm-none-eabi/11.3.1/../../../../arm-none-eabi/lib/thumb/v7e-m+fp/hard\libc_nano.a(libc_a-errno.o)
                0x0000000008008614                __errno
 .text.__libc_init_array
                0x0000000008008620       0x48 F:/STM32CubeIDE_1.13.1/STM32CubeIDE/plugins/com.st.stm32cube.ide.mcu.externaltools.gnu-tools-for-stm32.11.3.rel1.win32_1.1.0.202305231506/tools/bin/../lib/gcc/arm-none-eabi/11.3.1/../../../../arm-none-eabi/lib/thumb/v7e-m+fp/hard\libc_nano.a(libc_a-init.o)
                0x0000000008008620                __libc_init_array
 .text.__retarget_lock_acquire_recursive
                0x0000000008008668        0x2 F:/STM32CubeIDE_1.13.1/STM32CubeIDE/plugins/com.st.stm32cube.ide.mcu.externaltools.gnu-tools-for-stm32.11.3.rel1.win32_1.1.0.202305231506/tools/bin/../lib/gcc/arm-none-eabi/11.3.1/../../../../arm-none-eabi/lib/thumb/v7e-m+fp/hard\libc_nano.a(libc_a-lock.o)
                0x0000000008008668                __retarget_lock_acquire_recursive
 .text.__retarget_lock_release_recursive
                0x000000000800866a        0x2 F:/STM32CubeIDE_1.13.1/STM32CubeIDE/plugins/com.st.stm32cube.ide.mcu.externaltools.gnu-tools-for-stm32.11.3.rel1.win32_1.1.0.202305231506/tools/bin/../lib/gcc/arm-none-eabi/11.3.1/../../../../arm-none-eabi/lib/thumb/v7e-m+fp/hard\libc_nano.a(libc_a-lock.o)
                0x000000000800866a                __retarget_lock_release_recursive
 .text._free_r  0x000000000800866c       0x98 F:/STM32CubeIDE_1.13.1/STM32CubeIDE/plugins/com.st.stm32cube.ide.mcu.externaltools.gnu-tools-for-stm32.11.3.rel1.win32_1.1.0.202305231506/tools/bin/../lib/gcc/arm-none-eabi/11.3.1/../../../../arm-none-eabi/lib/thumb/v7e-m+fp/hard\libc_nano.a(libc_a-freer.o)
                0x000000000800866c                _free_r
 .text.sbrk_aligned
                0x0000000008008704       0x40 F:/STM32CubeIDE_1.13.1/STM32CubeIDE/plugins/com.st.stm32cube.ide.mcu.externaltools.gnu-tools-for-stm32.11.3.rel1.win32_1.1.0.202305231506/tools/bin/../lib/gcc/arm-none-eabi/11.3.1/../../../../arm-none-eabi/lib/thumb/v7e-m+fp/hard\libc_nano.a(libc_a-mallocr.o)
 .text._malloc_r
                0x0000000008008744      0x100 F:/STM32CubeIDE_1.13.1/STM32CubeIDE/plugins/com.st.stm32cube.ide.mcu.externaltools.gnu-tools-for-stm32.11.3.rel1.win32_1.1.0.202305231506/tools/bin/../lib/gcc/arm-none-eabi/11.3.1/../../../../arm-none-eabi/lib/thumb/v7e-m+fp/hard\libc_nano.a(libc_a-mallocr.o)
                0x0000000008008744                _malloc_r
 .text.__malloc_lock
                0x0000000008008844        0xc F:/STM32CubeIDE_1.13.1/STM32CubeIDE/plugins/com.st.stm32cube.ide.mcu.externaltools.gnu-tools-for-stm32.11.3.rel1.win32_1.1.0.202305231506/tools/bin/../lib/gcc/arm-none-eabi/11.3.1/../../../../arm-none-eabi/lib/thumb/v7e-m+fp/hard\libc_nano.a(libc_a-mlock.o)
                0x0000000008008844                __malloc_lock
 .text.__malloc_unlock
                0x0000000008008850        0xc F:/STM32CubeIDE_1.13.1/STM32CubeIDE/plugins/com.st.stm32cube.ide.mcu.externaltools.gnu-tools-for-stm32.11.3.rel1.win32_1.1.0.202305231506/tools/bin/../lib/gcc/arm-none-eabi/11.3.1/../../../../arm-none-eabi/lib/thumb/v7e-m+fp/hard\libc_nano.a(libc_a-mlock.o)
                0x0000000008008850                __malloc_unlock
 .text.__sfputc_r
                0x000000000800885c       0x2e F:/STM32CubeIDE_1.13.1/STM32CubeIDE/plugins/com.st.stm32cube.ide.mcu.externaltools.gnu-tools-for-stm32.11.3.rel1.win32_1.1.0.202305231506/tools/bin/../lib/gcc/arm-none-eabi/11.3.1/../../../../arm-none-eabi/lib/thumb/v7e-m+fp/hard\libc_nano.a(libc_a-nano-vfprintf.o)
 .text.__sfputs_r
                0x000000000800888a       0x24 F:/STM32CubeIDE_1.13.1/STM32CubeIDE/plugins/com.st.stm32cube.ide.mcu.externaltools.gnu-tools-for-stm32.11.3.rel1.win32_1.1.0.202305231506/tools/bin/../lib/gcc/arm-none-eabi/11.3.1/../../../../arm-none-eabi/lib/thumb/v7e-m+fp/hard\libc_nano.a(libc_a-nano-vfprintf.o)
                0x000000000800888a                __sfputs_r
 *fill*         0x00000000080088ae        0x2 
 .text._vfprintf_r
                0x00000000080088b0      0x234 F:/STM32CubeIDE_1.13.1/STM32CubeIDE/plugins/com.st.stm32cube.ide.mcu.externaltools.gnu-tools-for-stm32.11.3.rel1.win32_1.1.0.202305231506/tools/bin/../lib/gcc/arm-none-eabi/11.3.1/../../../../arm-none-eabi/lib/thumb/v7e-m+fp/hard\libc_nano.a(libc_a-nano-vfprintf.o)
                0x00000000080088b0                _vfprintf_r
                0x00000000080088b0                _vfiprintf_r
 .text._printf_common
                0x0000000008008ae4       0xda F:/STM32CubeIDE_1.13.1/STM32CubeIDE/plugins/com.st.stm32cube.ide.mcu.externaltools.gnu-tools-for-stm32.11.3.rel1.win32_1.1.0.202305231506/tools/bin/../lib/gcc/arm-none-eabi/11.3.1/../../../../arm-none-eabi/lib/thumb/v7e-m+fp/hard\libc_nano.a(libc_a-nano-vfprintf_i.o)
                0x0000000008008ae4                _printf_common
 *fill*         0x0000000008008bbe        0x2 
 .text._printf_i
                0x0000000008008bc0      0x244 F:/STM32CubeIDE_1.13.1/STM32CubeIDE/plugins/com.st.stm32cube.ide.mcu.externaltools.gnu-tools-for-stm32.11.3.rel1.win32_1.1.0.202305231506/tools/bin/../lib/gcc/arm-none-eabi/11.3.1/../../../../arm-none-eabi/lib/thumb/v7e-m+fp/hard\libc_nano.a(libc_a-nano-vfprintf_i.o)
                0x0000000008008bc0                _printf_i
 .text.__sflush_r
                0x0000000008008e04      0x10c F:/STM32CubeIDE_1.13.1/STM32CubeIDE/plugins/com.st.stm32cube.ide.mcu.externaltools.gnu-tools-for-stm32.11.3.rel1.win32_1.1.0.202305231506/tools/bin/../lib/gcc/arm-none-eabi/11.3.1/../../../../arm-none-eabi/lib/thumb/v7e-m+fp/hard\libc_nano.a(libc_a-fflush.o)
                0x0000000008008e04                __sflush_r
 .text._fflush_r
                0x0000000008008f10       0x50 F:/STM32CubeIDE_1.13.1/STM32CubeIDE/plugins/com.st.stm32cube.ide.mcu.externaltools.gnu-tools-for-stm32.11.3.rel1.win32_1.1.0.202305231506/tools/bin/../lib/gcc/arm-none-eabi/11.3.1/../../../../arm-none-eabi/lib/thumb/v7e-m+fp/hard\libc_nano.a(libc_a-fflush.o)
                0x0000000008008f10                _fflush_r
 .text.__swhatbuf_r
                0x0000000008008f60       0x4c F:/STM32CubeIDE_1.13.1/STM32CubeIDE/plugins/com.st.stm32cube.ide.mcu.externaltools.gnu-tools-for-stm32.11.3.rel1.win32_1.1.0.202305231506/tools/bin/../lib/gcc/arm-none-eabi/11.3.1/../../../../arm-none-eabi/lib/thumb/v7e-m+fp/hard\libc_nano.a(libc_a-makebuf.o)
                0x0000000008008f60                __swhatbuf_r
 .text.__smakebuf_r
                0x0000000008008fac       0x78 F:/STM32CubeIDE_1.13.1/STM32CubeIDE/plugins/com.st.stm32cube.ide.mcu.externaltools.gnu-tools-for-stm32.11.3.rel1.win32_1.1.0.202305231506/tools/bin/../lib/gcc/arm-none-eabi/11.3.1/../../../../arm-none-eabi/lib/thumb/v7e-m+fp/hard\libc_nano.a(libc_a-makebuf.o)
                0x0000000008008fac                __smakebuf_r
 .text._fstat_r
                0x0000000008009024       0x24 F:/STM32CubeIDE_1.13.1/STM32CubeIDE/plugins/com.st.stm32cube.ide.mcu.externaltools.gnu-tools-for-stm32.11.3.rel1.win32_1.1.0.202305231506/tools/bin/../lib/gcc/arm-none-eabi/11.3.1/../../../../arm-none-eabi/lib/thumb/v7e-m+fp/hard\libc_nano.a(libc_a-fstatr.o)
                0x0000000008009024                _fstat_r
 .text._isatty_r
                0x0000000008009048       0x20 F:/STM32CubeIDE_1.13.1/STM32CubeIDE/plugins/com.st.stm32cube.ide.mcu.externaltools.gnu-tools-for-stm32.11.3.rel1.win32_1.1.0.202305231506/tools/bin/../lib/gcc/arm-none-eabi/11.3.1/../../../../arm-none-eabi/lib/thumb/v7e-m+fp/hard\libc_nano.a(libc_a-isattyr.o)
                0x0000000008009048                _isatty_r
 .text._sbrk_r  0x0000000008009068       0x20 F:/STM32CubeIDE_1.13.1/STM32CubeIDE/plugins/com.st.stm32cube.ide.mcu.externaltools.gnu-tools-for-stm32.11.3.rel1.win32_1.1.0.202305231506/tools/bin/../lib/gcc/arm-none-eabi/11.3.1/../../../../arm-none-eabi/lib/thumb/v7e-m+fp/hard\libc_nano.a(libc_a-sbrkr.o)
                0x0000000008009068                _sbrk_r
 *(.glue_7)
 .glue_7        0x0000000008009088        0x0 linker stubs
 *(.glue_7t)
 .glue_7t       0x0000000008009088        0x0 linker stubs
 *(.eh_frame)
 .eh_frame      0x0000000008009088        0x0 F:/STM32CubeIDE_1.13.1/STM32CubeIDE/plugins/com.st.stm32cube.ide.mcu.externaltools.gnu-tools-for-stm32.11.3.rel1.win32_1.1.0.202305231506/tools/bin/../lib/gcc/arm-none-eabi/11.3.1/thumb/v7e-m+fp/hard/crtbegin.o
 *(.init)
 .init          0x0000000008009088        0x4 F:/STM32CubeIDE_1.13.1/STM32CubeIDE/plugins/com.st.stm32cube.ide.mcu.externaltools.gnu-tools-for-stm32.11.3.rel1.win32_1.1.0.202305231506/tools/bin/../lib/gcc/arm-none-eabi/11.3.1/thumb/v7e-m+fp/hard/crti.o
                0x0000000008009088                _init
 .init          0x000000000800908c        0x8 F:/STM32CubeIDE_1.13.1/STM32CubeIDE/plugins/com.st.stm32cube.ide.mcu.externaltools.gnu-tools-for-stm32.11.3.rel1.win32_1.1.0.202305231506/tools/bin/../lib/gcc/arm-none-eabi/11.3.1/thumb/v7e-m+fp/hard/crtn.o
 *(.fini)
 .fini          0x0000000008009094        0x4 F:/STM32CubeIDE_1.13.1/STM32CubeIDE/plugins/com.st.stm32cube.ide.mcu.externaltools.gnu-tools-for-stm32.11.3.rel1.win32_1.1.0.202305231506/tools/bin/../lib/gcc/arm-none-eabi/11.3.1/thumb/v7e-m+fp/hard/crti.o
                0x0000000008009094                _fini
 .fini          0x0000000008009098        0x8 F:/STM32CubeIDE_1.13.1/STM32CubeIDE/plugins/com.st.stm32cube.ide.mcu.externaltools.gnu-tools-for-stm32.11.3.rel1.win32_1.1.0.202305231506/tools/bin/../lib/gcc/arm-none-eabi/11.3.1/thumb/v7e-m+fp/hard/crtn.o
                0x00000000080090a0                . = ALIGN (0x4)
                0x00000000080090a0                _etext = .

.vfp11_veneer   0x00000000080090a0        0x0
 .vfp11_veneer  0x00000000080090a0        0x0 linker stubs

.v4_bx          0x00000000080090a0        0x0
 .v4_bx         0x00000000080090a0        0x0 linker stubs

.iplt           0x00000000080090a0        0x0
 .iplt          0x00000000080090a0        0x0 F:/STM32CubeIDE_1.13.1/STM32CubeIDE/plugins/com.st.stm32cube.ide.mcu.externaltools.gnu-tools-for-stm32.11.3.rel1.win32_1.1.0.202305231506/tools/bin/../lib/gcc/arm-none-eabi/11.3.1/thumb/v7e-m+fp/hard/crtbegin.o

.rodata         0x00000000080090a0      0x214
                0x00000000080090a0                . = ALIGN (0x4)
 *(.rodata)
 .rodata        0x00000000080090a0      0x17a ./Core/Src/boot.o
 *fill*         0x000000000800921a        0x2 
 .rodata        0x000000000800921c        0x9 ./Core/Src/main.o
 *fill*         0x0000000008009225        0x3 
 .rodata        0x0000000008009228       0x46 ./USB_DEVICE/App/usbd_desc.o
 *(.rodata*)
 *fill*         0x000000000800926e        0x2 
 .rodata.AHBPrescTable
                0x0000000008009270       0x10 ./Core/Src/system_stm32f4xx.o
                0x0000000008009270                AHBPrescTable
 .rodata._vfprintf_r.str1.1
                0x0000000008009280       0x11 F:/STM32CubeIDE_1.13.1/STM32CubeIDE/plugins/com.st.stm32cube.ide.mcu.externaltools.gnu-tools-for-stm32.11.3.rel1.win32_1.1.0.202305231506/tools/bin/../lib/gcc/arm-none-eabi/11.3.1/../../../../arm-none-eabi/lib/thumb/v7e-m+fp/hard\libc_nano.a(libc_a-nano-vfprintf.o)
 .rodata._printf_i.str1.1
                0x0000000008009291       0x22 F:/STM32CubeIDE_1.13.1/STM32CubeIDE/plugins/com.st.stm32cube.ide.mcu.externaltools.gnu-tools-for-stm32.11.3.rel1.win32_1.1.0.202305231506/tools/bin/../lib/gcc/arm-none-eabi/11.3.1/../../../../arm-none-eabi/lib/thumb/v7e-m+fp/hard\libc_nano.a(libc_a-nano-vfprintf_i.o)
                0x00000000080092b4                . = ALIGN (0x4)
 *fill*         0x00000000080092b3        0x1 

.ARM.extab      0x00000000080092b4        0x0
                0x00000000080092b4                . = ALIGN (0x4)
 *(.ARM.extab* .gnu.linkonce.armextab.*)
                0x00000000080092b4                . = ALIGN (0x4)

.ARM            0x00000000080092b4        0x8
                0x00000000080092b4                . = ALIGN (0x4)
                0x00000000080092b4                __exidx_start = .
 *(.ARM.exidx*)
 .ARM.exidx     0x00000000080092b4        0x8 F:/STM32CubeIDE_1.13.1/STM32CubeIDE/plugins/com.st.stm32cube.ide.mcu.externaltools.gnu-tools-for-stm32.11.3.rel1.win32_1.1.0.202305231506/tools/bin/../lib/gcc/arm-none-eabi/11.3.1/thumb/v7e-m+fp/hard\libgcc.a(_udivmoddi4.o)
                0x00000000080092bc                __exidx_end = .
                0x00000000080092bc                . = ALIGN (0x4)

.rel.dyn        0x00000000080092bc        0x0
 .rel.iplt      0x00000000080092bc        0x0 F:/STM32CubeIDE_1.13.1/STM32CubeIDE/plugins/com.st.stm32cube.ide.mcu.externaltools.gnu-tools-for-stm32.11.3.rel1.win32_1.1.0.202305231506/tools/bin/../lib/gcc/arm-none-eabi/11.3.1/thumb/v7e-m+fp/hard/crtbegin.o

.preinit_array  0x00000000080092bc        0x0
                0x00000000080092bc                . = ALIGN (0x4)
                0x00000000080092bc                PROVIDE (__preinit_array_start = .)
 *(.preinit_array*)
                0x00000000080092bc                PROVIDE (__preinit_array_end = .)
                0x00000000080092bc                . = ALIGN (0x4)

.init_array     0x00000000080092bc        0x4
                0x00000000080092bc                . = ALIGN (0x4)
                0x00000000080092bc                PROVIDE (__init_array_start = .)
 *(SORT_BY_NAME(.init_array.*))
 *(.init_array*)
 .init_array    0x00000000080092bc        0x4 F:/STM32CubeIDE_1.13.1/STM32CubeIDE/plugins/com.st.stm32cube.ide.mcu.externaltools.gnu-tools-for-stm32.11.3.rel1.win32_1.1.0.202305231506/tools/bin/../lib/gcc/arm-none-eabi/11.3.1/thumb/v7e-m+fp/hard/crtbegin.o
                0x00000000080092c0                PROVIDE (__init_array_end = .)
                0x00000000080092c0                . = ALIGN (0x4)

.fini_array     0x00000000080092c0        0x4
                0x00000000080092c0                . = ALIGN (0x4)
                [!provide]                        PROVIDE (__fini_array_start = .)
 *(SORT_BY_NAME(.fini_array.*))
 *(.fini_array*)
 .fini_array    0x00000000080092c0        0x4 F:/STM32CubeIDE_1.13.1/STM32CubeIDE/plugins/com.st.stm32cube.ide.mcu.externaltools.gnu-tools-for-stm32.11.3.rel1.win32_1.1.0.202305231506/tools/bin/../lib/gcc/arm-none-eabi/11.3.1/thumb/v7e-m+fp/hard/crtbegin.o
                [!provide]                        PROVIDE (__fini_array_end = .)
                0x00000000080092c4                . = ALIGN (0x4)
                0x00000000080092c4                _sidata = LOADADDR (.data)

.data           0x0000000020000000      0x160 load address 0x00000000080092c4
                0x0000000020000000                . = ALIGN (0x4)
                0x0000000020000000                _sdata = .
 *(.data)
 *(.data*)
 .data.SystemCoreClock
                0x0000000020000000        0x4 ./Core/Src/system_stm32f4xx.o
                0x0000000020000000                SystemCoreClock
 .data.uwTickPrio
                0x0000000020000004        0x4 ./Drivers/STM32F4xx_HAL_Driver/Src/stm32f4xx_hal.o
                0x0000000020000004                uwTickPrio
 .data.uwTickFreq
                0x0000000020000008        0x1 ./Drivers/STM32F4xx_HAL_Driver/Src/stm32f4xx_hal.o
                0x0000000020000008                uwTickFreq
 *fill*         0x0000000020000009        0x3 
 .data.USBD_CDC_DeviceQualifierDesc
                0x000000002000000c        0xa ./Middlewares/ST/STM32_USB_Device_Library/Class/CDC/Src/usbd_cdc.o
 *fill*         0x0000000020000016        0x2 
 .data.USBD_CDC
                0x0000000020000018       0x38 ./Middlewares/ST/STM32_USB_Device_Library/Class/CDC/Src/usbd_cdc.o
                0x0000000020000018                USBD_CDC
 .data.USBD_CDC_CfgDesc
                0x0000000020000050       0x43 ./Middlewares/ST/STM32_USB_Device_Library/Class/CDC/Src/usbd_cdc.o
 .data.CDCInEpAdd
                0x0000000020000093        0x1 ./Middlewares/ST/STM32_USB_Device_Library/Class/CDC/Src/usbd_cdc.o
 .data.CDCOutEpAdd
                0x0000000020000094        0x1 ./Middlewares/ST/STM32_USB_Device_Library/Class/CDC/Src/usbd_cdc.o
 .data.CDCCmdEpAdd
                0x0000000020000095        0x1 ./Middlewares/ST/STM32_USB_Device_Library/Class/CDC/Src/usbd_cdc.o
 *fill*         0x0000000020000096        0x2 
 .data.lineCoding
                0x0000000020000098        0x7 ./USB_DEVICE/App/usbd_cdc_if.o
 *fill*         0x000000002000009f        0x1 
 .data.USBD_Interface_fops_FS
                0x00000000200000a0       0x14 ./USB_DEVICE/App/usbd_cdc_if.o
                0x00000000200000a0                USBD_Interface_fops_FS
 .data.FS_Desc  0x00000000200000b4       0x1c ./USB_DEVICE/App/usbd_desc.o
                0x00000000200000b4                FS_Desc
 .data.USBD_FS_DeviceDesc
                0x00000000200000d0       0x12 ./USB_DEVICE/App/usbd_desc.o
                0x00000000200000d0                USBD_FS_DeviceDesc
 *fill*         0x00000000200000e2        0x2 
 .data.USBD_LangIDDesc
                0x00000000200000e4        0x4 ./USB_DEVICE/App/usbd_desc.o
                0x00000000200000e4                USBD_LangIDDesc
 .data.USBD_StringSerial
                0x00000000200000e8       0x1a ./USB_DEVICE/App/usbd_desc.o
                0x00000000200000e8                USBD_StringSerial
 *fill*         0x0000000020000102        0x2 
 .data.__sglue  0x0000000020000104        0xc F:/STM32CubeIDE_1.13.1/STM32CubeIDE/plugins/com.st.stm32cube.ide.mcu.externaltools.gnu-tools-for-stm32.11.3.rel1.win32_1.1.0.202305231506/tools/bin/../lib/gcc/arm-none-eabi/11.3.1/../../../../arm-none-eabi/lib/thumb/v7e-m+fp/hard\libc_nano.a(libc_a-findfp.o)
                0x0000000020000104                __sglue
 .data._impure_data
                0x0000000020000110       0x4c F:/STM32CubeIDE_1.13.1/STM32CubeIDE/plugins/com.st.stm32cube.ide.mcu.externaltools.gnu-tools-for-stm32.11.3.rel1.win32_1.1.0.202305231506/tools/bin/../lib/gcc/arm-none-eabi/11.3.1/../../../../arm-none-eabi/lib/thumb/v7e-m+fp/hard\libc_nano.a(libc_a-impure.o)
                0x0000000020000110                _impure_data
 .data._impure_ptr
                0x000000002000015c        0x4 F:/STM32CubeIDE_1.13.1/STM32CubeIDE/plugins/com.st.stm32cube.ide.mcu.externaltools.gnu-tools-for-stm32.11.3.rel1.win32_1.1.0.202305231506/tools/bin/../lib/gcc/arm-none-eabi/11.3.1/../../../../arm-none-eabi/lib/thumb/v7e-m+fp/hard\libc_nano.a(libc_a-impure.o)
                0x000000002000015c                _impure_ptr
 *(.RamFunc)
 *(.RamFunc*)
                0x0000000020000160                . = ALIGN (0x4)
                0x0000000020000160                _edata = .
                0x0000000008009424                _siccmram = LOADADDR (.ccmram)

.igot.plt       0x0000000020000160        0x0 load address 0x0000000008009424
 .igot.plt      0x0000000020000160        0x0 F:/STM32CubeIDE_1.13.1/STM32CubeIDE/plugins/com.st.stm32cube.ide.mcu.externaltools.gnu-tools-for-stm32.11.3.rel1.win32_1.1.0.202305231506/tools/bin/../lib/gcc/arm-none-eabi/11.3.1/thumb/v7e-m+fp/hard/crtbegin.o

.ccmram         0x0000000010000000        0x0 load address 0x0000000008009424
                0x0000000010000000                . = ALIGN (0x4)
                0x0000000010000000                _sccmram = .
 *(.ccmram)
 *(.ccmram*)
                0x0000000010000000                . = ALIGN (0x4)
                0x0000000010000000                _eccmram = .
                0x0000000010000000                . = ALIGN (0x4)

.bss            0x0000000020000160     0x1da4
                0x0000000020000160                _sbss = .
                0x0000000020000160                __bss_start__ = _sbss
 *(.bss)
 .bss           0x0000000020000160       0x1c F:/STM32CubeIDE_1.13.1/STM32CubeIDE/plugins/com.st.stm32cube.ide.mcu.externaltools.gnu-tools-for-stm32.11.3.rel1.win32_1.1.0.202305231506/tools/bin/../lib/gcc/arm-none-eabi/11.3.1/thumb/v7e-m+fp/hard/crtbegin.o
 *(.bss*)
 .bss.hcrc      0x000000002000017c        0x8 ./Core/Src/main.o
                0x000000002000017c                hcrc
 .bss.__sbrk_heap_end
                0x0000000020000184        0x4 ./Core/Src/sysmem.o
 .bss.uwTick    0x0000000020000188        0x4 ./Drivers/STM32F4xx_HAL_Driver/Src/stm32f4xx_hal.o
                0x0000000020000188                uwTick
 .bss.pFlash    0x000000002000018c       0x20 ./Drivers/STM32F4xx_HAL_Driver/Src/stm32f4xx_hal_flash.o
                0x000000002000018c                pFlash
 .bss.cfgidx.0  0x00000000200001ac        0x1 ./Middlewares/ST/STM32_USB_Device_Library/Core/Src/usbd_ctlreq.o
 *fill*         0x00000000200001ad        0x3 
 .bss.hUsbDeviceFS
                0x00000000200001b0      0x2dc ./USB_DEVICE/App/usb_device.o
                0x00000000200001b0                hUsbDeviceFS
 .bss.UserRxBufferFS
                0x000000002000048c      0x800 ./USB_DEVICE/App/usbd_cdc_if.o
                0x000000002000048c                UserRxBufferFS
 .bss.UserTxBufferFS
                0x0000000020000c8c      0x800 ./USB_DEVICE/App/usbd_cdc_if.o
                0x0000000020000c8c                UserTxBufferFS
 .bss.USBD_StrDesc
                0x000000002000148c      0x200 ./USB_DEVICE/App/usbd_desc.o
                0x000000002000148c                USBD_StrDesc
 .bss.hpcd_USB_OTG_FS
                0x000000002000168c      0x50c ./USB_DEVICE/Target/usbd_conf.o
                0x000000002000168c                hpcd_USB_OTG_FS
 .bss.mem.0     0x0000000020001b98      0x220 ./USB_DEVICE/Target/usbd_conf.o
 .bss.__sf      0x0000000020001db8      0x138 F:/STM32CubeIDE_1.13.1/STM32CubeIDE/plugins/com.st.stm32cube.ide.mcu.externaltools.gnu-tools-for-stm32.11.3.rel1.win32_1.1.0.202305231506/tools/bin/../lib/gcc/arm-none-eabi/11.3.1/../../../../arm-none-eabi/lib/thumb/v7e-m+fp/hard\libc_nano.a(libc_a-findfp.o)
                0x0000000020001db8                __sf
 .bss.__stdio_exit_handler
                0x0000000020001ef0        0x4 F:/STM32CubeIDE_1.13.1/STM32CubeIDE/plugins/com.st.stm32cube.ide.mcu.externaltools.gnu-tools-for-stm32.11.3.rel1.win32_1.1.0.202305231506/tools/bin/../lib/gcc/arm-none-eabi/11.3.1/../../../../arm-none-eabi/lib/thumb/v7e-m+fp/hard\libc_nano.a(libc_a-findfp.o)
                0x0000000020001ef0                __stdio_exit_handler
 .bss.errno     0x0000000020001ef4        0x4 F:/STM32CubeIDE_1.13.1/STM32CubeIDE/plugins/com.st.stm32cube.ide.mcu.externaltools.gnu-tools-for-stm32.11.3.rel1.win32_1.1.0.202305231506/tools/bin/../lib/gcc/arm-none-eabi/11.3.1/../../../../arm-none-eabi/lib/thumb/v7e-m+fp/hard\libc_nano.a(libc_a-reent.o)
                0x0000000020001ef4                errno
 .bss.__lock___malloc_recursive_mutex
                0x0000000020001ef8        0x1 F:/STM32CubeIDE_1.13.1/STM32CubeIDE/plugins/com.st.stm32cube.ide.mcu.externaltools.gnu-tools-for-stm32.11.3.rel1.win32_1.1.0.202305231506/tools/bin/../lib/gcc/arm-none-eabi/11.3.1/../../../../arm-none-eabi/lib/thumb/v7e-m+fp/hard\libc_nano.a(libc_a-lock.o)
                0x0000000020001ef8                __lock___malloc_recursive_mutex
 .bss.__lock___sfp_recursive_mutex
                0x0000000020001ef9        0x1 F:/STM32CubeIDE_1.13.1/STM32CubeIDE/plugins/com.st.stm32cube.ide.mcu.externaltools.gnu-tools-for-stm32.11.3.rel1.win32_1.1.0.202305231506/tools/bin/../lib/gcc/arm-none-eabi/11.3.1/../../../../arm-none-eabi/lib/thumb/v7e-m+fp/hard\libc_nano.a(libc_a-lock.o)
                0x0000000020001ef9                __lock___sfp_recursive_mutex
 *fill*         0x0000000020001efa        0x2 
 .bss.__malloc_free_list
                0x0000000020001efc        0x4 F:/STM32CubeIDE_1.13.1/STM32CubeIDE/plugins/com.st.stm32cube.ide.mcu.externaltools.gnu-tools-for-stm32.11.3.rel1.win32_1.1.0.202305231506/tools/bin/../lib/gcc/arm-none-eabi/11.3.1/../../../../arm-none-eabi/lib/thumb/v7e-m+fp/hard\libc_nano.a(libc_a-mallocr.o)
                0x0000000020001efc                __malloc_free_list
 .bss.__malloc_sbrk_start
                0x0000000020001f00        0x4 F:/STM32CubeIDE_1.13.1/STM32CubeIDE/plugins/com.st.stm32cube.ide.mcu.externaltools.gnu-tools-for-stm32.11.3.rel1.win32_1.1.0.202305231506/tools/bin/../lib/gcc/arm-none-eabi/11.3.1/../../../../arm-none-eabi/lib/thumb/v7e-m+fp/hard\libc_nano.a(libc_a-mallocr.o)
                0x0000000020001f00                __malloc_sbrk_start
 *(COMMON)
                0x0000000020001f04                . = ALIGN (0x4)
                0x0000000020001f04                _ebss = .
                0x0000000020001f04                __bss_end__ = _ebss

._user_heap_stack
                0x0000000020001f04      0x604
                0x0000000020001f08                . = ALIGN (0x8)
 *fill*         0x0000000020001f04        0x4 
                [!provide]                        PROVIDE (end = .)
                0x0000000020001f08                PROVIDE (_end = .)
                0x0000000020002108                . = (. + _Min_Heap_Size)
 *fill*         0x0000000020001f08      0x200 
                0x0000000020002508                . = (. + _Min_Stack_Size)
 *fill*         0x0000000020002108      0x400 
                0x0000000020002508                . = ALIGN (0x8)

/DISCARD/
 libc.a(*)
 libm.a(*)
 libgcc.a(*)

.ARM.attributes
                0x0000000000000000       0x30
 *(.ARM.attributes)
 .ARM.attributes
                0x0000000000000000       0x1e F:/STM32CubeIDE_1.13.1/STM32CubeIDE/plugins/com.st.stm32cube.ide.mcu.externaltools.gnu-tools-for-stm32.11.3.rel1.win32_1.1.0.202305231506/tools/bin/../lib/gcc/arm-none-eabi/11.3.1/thumb/v7e-m+fp/hard/crti.o
 .ARM.attributes
                0x000000000000001e       0x34 F:/STM32CubeIDE_1.13.1/STM32CubeIDE/plugins/com.st.stm32cube.ide.mcu.externaltools.gnu-tools-for-stm32.11.3.rel1.win32_1.1.0.202305231506/tools/bin/../lib/gcc/arm-none-eabi/11.3.1/thumb/v7e-m+fp/hard/crtbegin.o
 .ARM.attributes
                0x0000000000000052       0x34 ./Core/Src/boot.o
 .ARM.attributes
                0x0000000000000086       0x34 ./Core/Src/main.o
 .ARM.attributes
                0x00000000000000ba       0x34 ./Core/Src/stm32f4xx_hal_msp.o
 .ARM.attributes
                0x00000000000000ee       0x34 ./Core/Src/stm32f4xx_it.o
 .ARM.attributes
                0x0000000000000122       0x34 ./Core/Src/syscalls.o
 .ARM.attributes
                0x0000000000000156       0x34 ./Core/Src/sysmem.o
 .ARM.attributes
                0x000000000000018a       0x34 ./Core/Src/system_stm32f4xx.o
 .ARM.attributes
                0x00000000000001be       0x21 ./Core/Startup/startup_stm32f405rgtx.o
 .ARM.attributes
                0x00000000000001df       0x34 ./Drivers/STM32F4xx_HAL_Driver/Src/stm32f4xx_hal.o
 .ARM.attributes
                0x0000000000000213       0x34 ./Drivers/STM32F4xx_HAL_Driver/Src/stm32f4xx_hal_cortex.o
 .ARM.attributes
                0x0000000000000247       0x34 ./Drivers/STM32F4xx_HAL_Driver/Src/stm32f4xx_hal_crc.o
 .ARM.attributes
                0x000000000000027b       0x34 ./Drivers/STM32F4xx_HAL_Driver/Src/stm32f4xx_hal_flash.o
 .ARM.attributes
                0x00000000000002af       0x34 ./Drivers/STM32F4xx_HAL_Driver/Src/stm32f4xx_hal_flash_ex.o
 .ARM.attributes
                0x00000000000002e3       0x34 ./Drivers/STM32F4xx_HAL_Driver/Src/stm32f4xx_hal_gpio.o
 .ARM.attributes
                0x0000000000000317       0x34 ./Drivers/STM32F4xx_HAL_Driver/Src/stm32f4xx_hal_pcd.o
 .ARM.attributes
                0x000000000000034b       0x34 ./Drivers/STM32F4xx_HAL_Driver/Src/stm32f4xx_hal_pcd_ex.o
 .ARM.attributes
                0x000000000000037f       0x34 ./Drivers/STM32F4xx_HAL_Driver/Src/stm32f4xx_hal_rcc.o
 .ARM.attributes
                0x00000000000003b3       0x34 ./Drivers/STM32F4xx_HAL_Driver/Src/stm32f4xx_ll_usb.o
 .ARM.attributes
                0x00000000000003e7       0x34 ./Middlewares/ST/STM32_USB_Device_Library/Class/CDC/Src/usbd_cdc.o
 .ARM.attributes
                0x000000000000041b       0x34 ./Middlewares/ST/STM32_USB_Device_Library/Core/Src/usbd_core.o
 .ARM.attributes
                0x000000000000044f       0x34 ./Middlewares/ST/STM32_USB_Device_Library/Core/Src/usbd_ctlreq.o
 .ARM.attributes
                0x0000000000000483       0x34 ./Middlewares/ST/STM32_USB_Device_Library/Core/Src/usbd_ioreq.o
 .ARM.attributes
                0x00000000000004b7       0x34 ./USB_DEVICE/App/usb_device.o
 .ARM.attributes
                0x00000000000004eb       0x34 ./USB_DEVICE/App/usbd_cdc_if.o
 .ARM.attributes
                0x000000000000051f       0x34 ./USB_DEVICE/App/usbd_desc.o
 .ARM.attributes
                0x0000000000000553       0x34 ./USB_DEVICE/Target/usbd_conf.o
 .ARM.attributes
                0x0000000000000587       0x34 F:/STM32CubeIDE_1.13.1/STM32CubeIDE/plugins/com.st.stm32cube.ide.mcu.externaltools.gnu-tools-for-stm32.11.3.rel1.win32_1.1.0.202305231506/tools/bin/../lib/gcc/arm-none-eabi/11.3.1/../../../../arm-none-eabi/lib/thumb/v7e-m+fp/hard\libc_nano.a(libc_a-findfp.o)
 .ARM.attributes
                0x00000000000005bb       0x34 F:/STM32CubeIDE_1.13.1/STM32CubeIDE/plugins/com.st.stm32cube.ide.mcu.externaltools.gnu-tools-for-stm32.11.3.rel1.win32_1.1.0.202305231506/tools/bin/../lib/gcc/arm-none-eabi/11.3.1/../../../../arm-none-eabi/lib/thumb/v7e-m+fp/hard\libc_nano.a(libc_a-fwalk.o)
 .ARM.attributes
                0x00000000000005ef       0x34 F:/STM32CubeIDE_1.13.1/STM32CubeIDE/plugins/com.st.stm32cube.ide.mcu.externaltools.gnu-tools-for-stm32.11.3.rel1.win32_1.1.0.202305231506/tools/bin/../lib/gcc/arm-none-eabi/11.3.1/../../../../arm-none-eabi/lib/thumb/v7e-m+fp/hard\libc_nano.a(libc_a-printf.o)
 .ARM.attributes
                0x0000000000000623       0x34 F:/STM32CubeIDE_1.13.1/STM32CubeIDE/plugins/com.st.stm32cube.ide.mcu.externaltools.gnu-tools-for-stm32.11.3.rel1.win32_1.1.0.202305231506/tools/bin/../lib/gcc/arm-none-eabi/11.3.1/../../../../arm-none-eabi/lib/thumb/v7e-m+fp/hard\libc_nano.a(libc_a-puts.o)
 .ARM.attributes
                0x0000000000000657       0x34 F:/STM32CubeIDE_1.13.1/STM32CubeIDE/plugins/com.st.stm32cube.ide.mcu.externaltools.gnu-tools-for-stm32.11.3.rel1.win32_1.1.0.202305231506/tools/bin/../lib/gcc/arm-none-eabi/11.3.1/../../../../arm-none-eabi/lib/thumb/v7e-m+fp/hard\libc_nano.a(libc_a-stdio.o)
 .ARM.attributes
                0x000000000000068b       0x34 F:/STM32CubeIDE_1.13.1/STM32CubeIDE/plugins/com.st.stm32cube.ide.mcu.externaltools.gnu-tools-for-stm32.11.3.rel1.win32_1.1.0.202305231506/tools/bin/../lib/gcc/arm-none-eabi/11.3.1/../../../../arm-none-eabi/lib/thumb/v7e-m+fp/hard\libc_nano.a(libc_a-wbuf.o)
 .ARM.attributes
                0x00000000000006bf       0x34 F:/STM32CubeIDE_1.13.1/STM32CubeIDE/plugins/com.st.stm32cube.ide.mcu.externaltools.gnu-tools-for-stm32.11.3.rel1.win32_1.1.0.202305231506/tools/bin/../lib/gcc/arm-none-eabi/11.3.1/../../../../arm-none-eabi/lib/thumb/v7e-m+fp/hard\libc_nano.a(libc_a-wsetup.o)
 .ARM.attributes
                0x00000000000006f3       0x34 F:/STM32CubeIDE_1.13.1/STM32CubeIDE/plugins/com.st.stm32cube.ide.mcu.externaltools.gnu-tools-for-stm32.11.3.rel1.win32_1.1.0.202305231506/tools/bin/../lib/gcc/arm-none-eabi/11.3.1/../../../../arm-none-eabi/lib/thumb/v7e-m+fp/hard\libc_nano.a(libc_a-memset.o)
 .ARM.attributes
                0x0000000000000727       0x34 F:/STM32CubeIDE_1.13.1/STM32CubeIDE/plugins/com.st.stm32cube.ide.mcu.externaltools.gnu-tools-for-stm32.11.3.rel1.win32_1.1.0.202305231506/tools/bin/../lib/gcc/arm-none-eabi/11.3.1/../../../../arm-none-eabi/lib/thumb/v7e-m+fp/hard\libc_nano.a(libc_a-closer.o)
 .ARM.attributes
                0x000000000000075b       0x34 F:/STM32CubeIDE_1.13.1/STM32CubeIDE/plugins/com.st.stm32cube.ide.mcu.externaltools.gnu-tools-for-stm32.11.3.rel1.win32_1.1.0.202305231506/tools/bin/../lib/gcc/arm-none-eabi/11.3.1/../../../../arm-none-eabi/lib/thumb/v7e-m+fp/hard\libc_nano.a(libc_a-reent.o)
 .ARM.attributes